Archive member included to satisfy reference by file (symbol)

c:/nxp/mcuxpressoide_10.2.1_795/ide/tools/bin/../lib/gcc/arm-none-eabi/7.2.1/../../../../arm-none-eabi/lib/thumb/v6-m\libm.a(lib_a-s_round.o)
                              ./framework/XCVR/MKW41Z4/fsl_xcvr.o (round)
c:/nxp/mcuxpressoide_10.2.1_795/ide/tools/bin/../lib/gcc/arm-none-eabi/7.2.1/../../../../arm-none-eabi/lib/thumb/v6-m\libm.a(lib_a-s_trunc.o)
                              ./framework/XCVR/MKW41Z4/fsl_xcvr.o (trunc)
c:/nxp/mcuxpressoide_10.2.1_795/ide/tools/bin/../lib/gcc/arm-none-eabi/7.2.1/../../../../arm-none-eabi/lib/thumb/v6-m\libm.a(lib_a-sf_round.o)
                              ./framework/XCVR/MKW41Z4/fsl_xcvr_trim.o (roundf)
c:/nxp/mcuxpressoide_10.2.1_795/ide/tools/bin/../lib/gcc/arm-none-eabi/7.2.1/../../../../arm-none-eabi/lib/thumb/v6-m\libc.a(lib_a-exit.o)
                              c:/nxp/mcuxpressoide_10.2.1_795/ide/tools/bin/../lib/gcc/arm-none-eabi/7.2.1/../../../../arm-none-eabi/lib/thumb/v6-m/crt0.o (exit)
c:/nxp/mcuxpressoide_10.2.1_795/ide/tools/bin/../lib/gcc/arm-none-eabi/7.2.1/../../../../arm-none-eabi/lib/thumb/v6-m\libc.a(lib_a-impure.o)
                              c:/nxp/mcuxpressoide_10.2.1_795/ide/tools/bin/../lib/gcc/arm-none-eabi/7.2.1/../../../../arm-none-eabi/lib/thumb/v6-m\libc.a(lib_a-exit.o) (_global_impure_ptr)
c:/nxp/mcuxpressoide_10.2.1_795/ide/tools/bin/../lib/gcc/arm-none-eabi/7.2.1/../../../../arm-none-eabi/lib/thumb/v6-m\libc.a(lib_a-init.o)
                              c:/nxp/mcuxpressoide_10.2.1_795/ide/tools/bin/../lib/gcc/arm-none-eabi/7.2.1/../../../../arm-none-eabi/lib/thumb/v6-m/crt0.o (__libc_init_array)
c:/nxp/mcuxpressoide_10.2.1_795/ide/tools/bin/../lib/gcc/arm-none-eabi/7.2.1/../../../../arm-none-eabi/lib/thumb/v6-m\libc.a(lib_a-memcpy-stub.o)
                              ./ieee_802.15.4/phy/source/MKW41Z/PhyTime.o (memcpy)
c:/nxp/mcuxpressoide_10.2.1_795/ide/tools/bin/../lib/gcc/arm-none-eabi/7.2.1/../../../../arm-none-eabi/lib/thumb/v6-m\libc.a(lib_a-memset.o)
                              c:/nxp/mcuxpressoide_10.2.1_795/ide/tools/bin/../lib/gcc/arm-none-eabi/7.2.1/../../../../arm-none-eabi/lib/thumb/v6-m/crt0.o (memset)
c:/nxp/mcuxpressoide_10.2.1_795/ide/tools/bin/../lib/gcc/arm-none-eabi/7.2.1/../../../../arm-none-eabi/lib/thumb/v6-m\libc.a(lib_a-strlen-stub.o)
                              ./framework/SerialManager/Source/SerialManager.o (strlen)
c:/nxp/mcuxpressoide_10.2.1_795/ide/tools/bin/../lib/gcc/arm-none-eabi/7.2.1/../../../../arm-none-eabi/lib/thumb/v6-m\libc.a(lib_a-__call_atexit.o)
                              c:/nxp/mcuxpressoide_10.2.1_795/ide/tools/bin/../lib/gcc/arm-none-eabi/7.2.1/../../../../arm-none-eabi/lib/thumb/v6-m\libc.a(lib_a-exit.o) (__call_exitprocs)
c:/nxp/mcuxpressoide_10.2.1_795/ide/tools/bin/../lib/gcc/arm-none-eabi/7.2.1/../../../../arm-none-eabi/lib/thumb/v6-m\libc.a(lib_a-atexit.o)
                              c:/nxp/mcuxpressoide_10.2.1_795/ide/tools/bin/../lib/gcc/arm-none-eabi/7.2.1/../../../../arm-none-eabi/lib/thumb/v6-m\libc.a(lib_a-__call_atexit.o) (atexit)
c:/nxp/mcuxpressoide_10.2.1_795/ide/tools/bin/../lib/gcc/arm-none-eabi/7.2.1/../../../../arm-none-eabi/lib/thumb/v6-m\libc.a(lib_a-fini.o)
                              c:/nxp/mcuxpressoide_10.2.1_795/ide/tools/bin/../lib/gcc/arm-none-eabi/7.2.1/../../../../arm-none-eabi/lib/thumb/v6-m\libc.a(lib_a-__call_atexit.o) (__libc_fini_array)
c:/nxp/mcuxpressoide_10.2.1_795/ide/tools/bin/../lib/gcc/arm-none-eabi/7.2.1/../../../../arm-none-eabi/lib/thumb/v6-m\libc.a(lib_a-lock.o)
                              c:/nxp/mcuxpressoide_10.2.1_795/ide/tools/bin/../lib/gcc/arm-none-eabi/7.2.1/../../../../arm-none-eabi/lib/thumb/v6-m\libc.a(lib_a-__call_atexit.o) (__retarget_lock_acquire_recursive)
c:/nxp/mcuxpressoide_10.2.1_795/ide/tools/bin/../lib/gcc/arm-none-eabi/7.2.1/../../../../arm-none-eabi/lib/thumb/v6-m\libc.a(lib_a-__atexit.o)
                              c:/nxp/mcuxpressoide_10.2.1_795/ide/tools/bin/../lib/gcc/arm-none-eabi/7.2.1/../../../../arm-none-eabi/lib/thumb/v6-m\libc.a(lib_a-atexit.o) (__register_exitproc)
c:/nxp/mcuxpressoide_10.2.1_795/ide/tools/bin/../lib/gcc/arm-none-eabi/7.2.1/thumb/v6-m\libgcc.a(_udivsi3.o)
                              ./ieee_802.15.4/phy/source/MKW41Z/PhyPacketProcessor.o (__aeabi_uidiv)
c:/nxp/mcuxpressoide_10.2.1_795/ide/tools/bin/../lib/gcc/arm-none-eabi/7.2.1/thumb/v6-m\libgcc.a(_divsi3.o)
                              ./ieee_802.15.4/phy/source/MKW41Z/PhyISR.o (__aeabi_idiv)
c:/nxp/mcuxpressoide_10.2.1_795/ide/tools/bin/../lib/gcc/arm-none-eabi/7.2.1/thumb/v6-m\libgcc.a(_dvmd_tls.o)
                              c:/nxp/mcuxpressoide_10.2.1_795/ide/tools/bin/../lib/gcc/arm-none-eabi/7.2.1/thumb/v6-m\libgcc.a(_udivsi3.o) (__aeabi_idiv0)
c:/nxp/mcuxpressoide_10.2.1_795/ide/tools/bin/../lib/gcc/arm-none-eabi/7.2.1/thumb/v6-m\libgcc.a(_arm_cmpdf2.o)
                              ./framework/XCVR/MKW41Z4/fsl_xcvr.o (__aeabi_dcmpgt)
[...]
Memory Configuration

Name             Origin             Length             Attributes
TEXT_region1     0x00000000         0x00000400         xr
m_flash_config_region 0x00000400         0x00000010         xr
TEXT_region2     0x00000411         0x0007d3ee         xr
NVM_region       0x0007d800         0x00001fff         rw
DATA1_region     0x1fff8000         0x00008000         rw
DATA2_region     0x20000000         0x00018000         rw
PRODUCT_INFO_region 0x0007f800         0x000007ff         xr
*default*        0x00000000         0xffffffff

Linker script and memory map

LOAD c:/nxp/mcuxpressoide_10.2.1_795/ide/tools/bin/../lib/gcc/arm-none-eabi/7.2.1/thumb/v6-m/crti.o
LOAD c:/nxp/mcuxpressoide_10.2.1_795/ide/tools/bin/../lib/gcc/arm-none-eabi/7.2.1/thumb/v6-m/crtbegin.o
LOAD c:/nxp/mcuxpressoide_10.2.1_795/ide/tools/bin/../lib/gcc/arm-none-eabi/7.2.1/../../../../arm-none-eabi/lib/thumb/v6-m/crt0.o
LOAD ./utilities/fsl_debug_console.o
LOAD ./startup/startup_MKW41Z4.o
LOAD ./source/mtb.o
LOAD ./source/semihost_hardfault.o
LOAD ./source/wireless_messenger.o
LOAD ./source/wireless_messenger_menus.o
LOAD ./ieee_802.15.4/smac/source/SMAC.o
LOAD ./ieee_802.15.4/phy/source/MKW41Z/ASP.o
LOAD ./ieee_802.15.4/phy/source/MKW41Z/MPM.o
LOAD ./ieee_802.15.4/phy/source/MKW41Z/PhyISR.o
LOAD ./ieee_802.15.4/phy/source/MKW41Z/PhyPacketProcessor.o
LOAD ./ieee_802.15.4/phy/source/MKW41Z/PhyPlmeData.o
LOAD ./ieee_802.15.4/phy/source/MKW41Z/PhyStateMachine.o
LOAD ./ieee_802.15.4/phy/source/MKW41Z/PhyTime.o
LOAD ./freertos/croutine.o
LOAD ./freertos/event_groups.o
LOAD ./freertos/fsl_tickless_lptmr.o
LOAD ./freertos/fsl_tickless_systick.o
LOAD ./freertos/heap_4.o
LOAD ./freertos/list.o
LOAD ./freertos/port.o
LOAD ./freertos/queue.o
LOAD ./freertos/tasks.o
LOAD ./freertos/timers.o
LOAD ./framework/XCVR/MKW41Z4/cfgs_kw4x_3x_2x/fsl_xcvr_ant_config.o
LOAD ./framework/XCVR/MKW41Z4/cfgs_kw4x_3x_2x/fsl_xcvr_ble_config.o
LOAD ./framework/XCVR/MKW41Z4/cfgs_kw4x_3x_2x/fsl_xcvr_common_config.o
LOAD ./framework/XCVR/MKW41Z4/cfgs_kw4x_3x_2x/fsl_xcvr_gfsk_bt_0p3_h_0p5_config.o
LOAD ./framework/XCVR/MKW41Z4/cfgs_kw4x_3x_2x/fsl_xcvr_gfsk_bt_0p5_h_0p32_config.o
LOAD ./framework/XCVR/MKW41Z4/cfgs_kw4x_3x_2x/fsl_xcvr_gfsk_bt_0p5_h_0p5_config.o
LOAD ./framework/XCVR/MKW41Z4/cfgs_kw4x_3x_2x/fsl_xcvr_gfsk_bt_0p5_h_0p7_config.o
LOAD ./framework/XCVR/MKW41Z4/cfgs_kw4x_3x_2x/fsl_xcvr_gfsk_bt_0p5_h_1p0_config.o
LOAD ./framework/XCVR/MKW41Z4/cfgs_kw4x_3x_2x/fsl_xcvr_gfsk_bt_0p7_h_0p5_config.o
LOAD ./framework/XCVR/MKW41Z4/cfgs_kw4x_3x_2x/fsl_xcvr_mode_datarate_config.o
LOAD ./framework/XCVR/MKW41Z4/cfgs_kw4x_3x_2x/fsl_xcvr_msk_config.o
LOAD ./framework/XCVR/MKW41Z4/cfgs_kw4x_3x_2x/fsl_xcvr_zgbe_config.o
LOAD ./framework/XCVR/MKW41Z4/dbg_ram_capture.o
LOAD ./framework/XCVR/MKW41Z4/fsl_xcvr.o
LOAD ./framework/XCVR/MKW41Z4/fsl_xcvr_trim.o
LOAD ./framework/XCVR/MKW41Z4/ifr_radio.o
LOAD ./framework/TimersManager/Source/TMR_Adapter.o
LOAD ./framework/TimersManager/Source/TimersManager.o
LOAD ./framework/SerialManager/Source/UART_Adapter/UART_Adapter.o
LOAD ./framework/SerialManager/Source/SPI_Adapter/SPI_Adapter.o
LOAD ./framework/SerialManager/Source/I2C_Adapter/I2C_Adapter.o
LOAD ./framework/SerialManager/Source/SerialManager.o
LOAD ./framework/SecLib/SecLib.o
LOAD ./framework/Reset/Reset.o
LOAD ./framework/RNG/Source/RNG.o
LOAD ./framework/Panic/Source/Panic.o
LOAD ./framework/OSAbstraction/Source/fsl_os_abstraction_free_rtos.o
LOAD ./framework/ModuleInfo/ModuleInfo.o
LOAD ./framework/Messaging/Source/Messaging.o
LOAD ./framework/MemManager/Source/MemManager.o
LOAD ./framework/MWSCoexistence/Source/MWS.o
LOAD ./framework/Lists/GenericList.o
LOAD ./framework/LED/Source/LED.o
LOAD ./framework/Keyboard/Source/Keyboard.o
LOAD ./framework/GPIO/GPIO_Adapter.o
LOAD ./framework/FunctionLib/FunctionLib.o
LOAD ./framework/Flash/Internal/Flash_Adapter.o
LOAD ./framework/DCDC/Source/DCDC.o
LOAD ./drivers/fsl_adc16.o
LOAD ./drivers/fsl_clock.o
LOAD ./drivers/fsl_common.o
LOAD ./drivers/fsl_dspi.o
LOAD ./drivers/fsl_dspi_freertos.o
LOAD ./drivers/fsl_flash.o
LOAD ./drivers/fsl_gpio.o
LOAD ./drivers/fsl_i2c.o
LOAD ./drivers/fsl_i2c_freertos.o
LOAD ./drivers/fsl_llwu.o
LOAD ./drivers/fsl_lptmr.o
LOAD ./drivers/fsl_lpuart.o
LOAD ./drivers/fsl_lpuart_freertos.o
LOAD ./drivers/fsl_ltc.o
LOAD ./drivers/fsl_pmc.o
LOAD ./drivers/fsl_rtc.o
LOAD ./drivers/fsl_smc.o
LOAD ./drivers/fsl_tpm.o
LOAD ./drivers/fsl_trng.o
LOAD ./drivers/fsl_tsi_v4.o
LOAD ./board/board.o
LOAD ./board/clock_config.o
LOAD ./board/gpio_pins.o
LOAD ./board/peripherals.o
LOAD ./board/pin_mux.o
LOAD ./CMSIS/system_MKW41Z4.o
LOAD c:/nxp/mcuxpressoide_10.2.1_795/ide/tools/bin/../lib/gcc/arm-none-eabi/7.2.1/../../../../arm-none-eabi/lib/thumb/v6-m\libm.a
LOAD c:/nxp/mcuxpressoide_10.2.1_795/ide/tools/bin/../lib/gcc/arm-none-eabi/7.2.1/../../../../arm-none-eabi/lib/thumb/v6-m\libc.a
LOAD c:/nxp/mcuxpressoide_10.2.1_795/ide/tools/bin/../lib/gcc/arm-none-eabi/7.2.1/thumb/v6-m\libgcc.a
LOAD c:/nxp/mcuxpressoide_10.2.1_795/ide/tools/bin/../lib/gcc/arm-none-eabi/7.2.1/../../../../arm-none-eabi/lib/thumb/v6-m\libnosys.a
LOAD C:\Users\Callum\Documents\MCUXpressoIDE_10.2.1_795\workspace\HostOfProjectwireless_examples_smac_wireless_messenger_freertos\libs\lib_crypto_m0.a
START GROUP
LOAD c:/nxp/mcuxpressoide_10.2.1_795/ide/tools/bin/../lib/gcc/arm-none-eabi/7.2.1/thumb/v6-m\libgcc.a
LOAD c:/nxp/mcuxpressoide_10.2.1_795/ide/tools/bin/../lib/gcc/arm-none-eabi/7.2.1/../../../../arm-none-eabi/lib/thumb/v6-m\libc.a
END GROUP
LOAD c:/nxp/mcuxpressoide_10.2.1_795/ide/tools/bin/../lib/gcc/arm-none-eabi/7.2.1/thumb/v6-m/crtend.o
LOAD c:/nxp/mcuxpressoide_10.2.1_795/ide/tools/bin/../lib/gcc/arm-none-eabi/7.2.1/thumb/v6-m/crtn.o
                0x00000001                gUseNVMLink_d = DEFINED (gUseNVMLink_d)?gUseNVMLink_d:0x1
                0x00000004                gNVMSectorCountLink_d = DEFINED (gNVMSectorCountLink_d)?gNVMSectorCountLink_d:0x4
                0x00000001                __ram_vector_table__ = DEFINED (__ram_vector_table__)?__ram_vector_table__:0x1
                0x00000000                __region_ROM_start__ = 0x0
                0x0007ffff                __region_ROM_end__ = 0x7ffff
                0x1fff8000                __region_RAM1_start__ = 0x1fff8000
                0x1fffffff                __region_RAM1_end__ = 0x1fffffff
                0x20000000                __region_RAM2_start__ = 0x20000000
                0x20017fff                __region_RAM2_end__ = 0x20017fff
                0x000000c0                __vector_table_size__ = 0xc0
                0x00000000                __ram_vector_table_size__ = DEFINED (__ram_vector_table__)?__vector_table_size__:0x0
                0x1fff8000                _RAM_START_ = __region_RAM1_start__
                0x20017fff                _RAM_END_ = __region_RAM2_end__
                0x00000000                m_interrupts_start = __region_ROM_start__
                0x000000bf                m_interrupts_end = ((m_interrupts_start + __vector_table_size__) - 0x1)
                0x00000400                m_flash_config_start = 0x400
                0x00000410                m_flash_config_end = 0x410
                0x00000800                m_sector_size = 0x800
                0x00000200                __size_cstack__ = DEFINED (__stack_size__)?__stack_size__:0x200
                0x00000000                __size_heap__ = DEFINED (__heap_size__)?__heap_size__:0x0
                0x0007f800                m_fsl_prodInfo_start = ((__region_ROM_end__ - m_sector_size) + 0x1)
                0x0007ffff                m_fsl_prodInfo_end = __region_ROM_end__
                0x0007f800                FREESCALE_PROD_DATA_BASE_ADDR = m_fsl_prodInfo_start
                0x00000800                NV_STORAGE_SECTOR_SIZE = m_sector_size
                0x00000004                NV_STORAGE_MAX_SECTORS = gNVMSectorCountLink_d
                0x0007f7ff                NV_STORAGE_START_ADDRESS = (m_fsl_prodInfo_start - 0x1)
                0x0007d800                NV_STORAGE_END_ADDRESS = ((NV_STORAGE_START_ADDRESS - (NV_STORAGE_MAX_SECTORS * NV_STORAGE_SECTOR_SIZE)) + 0x1)
                0x00000800                NV_STORAGE_SECTOR_SIZE_C = m_sector_size
                0x00000004                NV_STORAGE_MAX_SECTORS_C = gNVMSectorCountLink_d
                0x0007f7ff                NV_STORAGE_START_ADDRESS_C = (m_fsl_prodInfo_start - 0x1)
                0x0007d800                NV_STORAGE_END_ADDRESS_C = ((NV_STORAGE_START_ADDRESS_C - (NV_STORAGE_MAX_SECTORS_C * NV_STORAGE_SECTOR_SIZE_C)) + 0x1)
                0x00000000                m_text_start = m_interrupts_start
                0x0007d7ff                m_text_end = (NV_STORAGE_END_ADDRESS_C - 0x1)
                0x20000000                m_interrupts_ram_start = __region_RAM2_start__
                0x200000bf                m_interrupts_ram_end = ((m_interrupts_ram_start + __ram_vector_table_size__) - 0x1)
                0x20017fff                __CSTACK_end__ = __region_RAM2_end__
                0x20017dff                __CSTACK_start__ = (__CSTACK_end__ - __size_cstack__)
                0x20017dfe                __HEAP_end__ = (__CSTACK_start__ - 0x1)
                0x20017dfa                __HEAP_start__ = ((__HEAP_end__ - __size_heap__) - 0x4)
                0x1fff8000                m_data1_start = __region_RAM1_start__
                0x1fffffff                m_data1_end = __region_RAM1_end__
                0x20000000                m_data2_start = m_interrupts_ram_start
                0x20017df9                m_data2_end = (__HEAP_start__ - 0x1)
                0x000000c0                __RAM_VECTOR_TABLE_SIZE = __ram_vector_table_size__
                0x20017dea                __BOOT_STACK_ADDRESS = (m_data2_end - 0xf)

.interrupts     0x00000000       0xc0
                0x00000000                __VECTOR_TABLE = .
                0x00000000                . = ALIGN (0x4)
 *(.isr_vector)
 .isr_vector    0x00000000       0xc0 ./startup/startup_MKW41Z4.o
                0x00000000                __isr_vector
                0x000000c0                . = ALIGN (0x4)

.freescale_prod_data
                0x0007f800        0x0
                0x0007f800                . = ALIGN (0x4)
 *(.FREESCALE_PROD_DATA)
                0x0007f800                . = ALIGN (0x4)

.flash_config   0x00000400       0x10
                0x00000400                . = ALIGN (0x4)
 *(.FlashConfig)
 .FlashConfig   0x00000400       0x10 ./startup/startup_MKW41Z4.o
                0x00000410                . = ALIGN (0x4)

.text           0x00000420    0x154c0
                0x00000420                . = ALIGN (0x4)
 *(.text)
 .text          0x00000420       0x48 c:/nxp/mcuxpressoide_10.2.1_795/ide/tools/bin/../lib/gcc/arm-none-eabi/7.2.1/thumb/v6-m/crtbegin.o
 .text          0x00000468       0x78 c:/nxp/mcuxpressoide_10.2.1_795/ide/tools/bin/../lib/gcc/arm-none-eabi/7.2.1/../../../../arm-none-eabi/lib/thumb/v6-m/crt0.o
                0x00000468                _start
                0x00000468                _mainCRTStartup
 .text          0x000004e0       0xc0 ./startup/startup_MKW41Z4.o
                0x000004e0                Reset_Handler
                0x00000528                Radio_0_IRQHandler
                0x00000528                DMA0_DriverIRQHandler
                0x00000528                CMP0_IRQHandler
                0x00000528                DMA2_DriverIRQHandler
                0x00000528                TPM0_IRQHandler
                0x00000528                Radio_1_IRQHandler
                0x00000528                LLWU_IRQHandler
                0x00000528                TSI0_IRQHandler
                0x00000528                ADC0_IRQHandler
                0x00000528                CMT_IRQHandler
                0x00000528                LPTMR0_IRQHandler
                0x00000528                DefaultISR
                0x00000528                PORTB_PORTC_IRQHandler
                0x00000528                TPM2_IRQHandler
                0x00000528                RTC_IRQHandler
                0x00000528                LVD_LVW_DCDC_IRQHandler
                0x00000528                DMA3_DriverIRQHandler
                0x00000528                RTC_Seconds_IRQHandler
                0x00000528                MCG_IRQHandler
                0x00000528                TRNG0_IRQHandler
                0x00000528                Reserved20_IRQHandler
                0x00000528                LTC0_IRQHandler
                0x00000528                PIT_IRQHandler
                0x00000528                DMA1_DriverIRQHandler
                0x00000528                FTFA_IRQHandler
                0x00000528                PORTA_IRQHandler
                0x00000528                TPM1_IRQHandler
                0x00000528                DAC0_IRQHandler
                0x00000540                DMA0_IRQHandler
                0x00000544                DMA1_IRQHandler
                0x00000548                DMA2_IRQHandler
                0x0000054c                DMA3_IRQHandler
                0x00000550                I2C0_IRQHandler
                0x00000554                I2C1_IRQHandler
                0x00000558                SPI0_IRQHandler
                0x0000055c                LPUART0_IRQHandler
                0x00000560                SPI1_IRQHandler
 .text          0x000005a0      0x114 c:/nxp/mcuxpressoide_10.2.1_795/ide/tools/bin/../lib/gcc/arm-none-eabi/7.2.1/thumb/v6-m\libgcc.a(_udivsi3.o)
                0x000005a0                __aeabi_uidiv
                0x000005a0                __udivsi3
                0x000006ac                __aeabi_uidivmod
 .text          0x000006b4      0x1d4 c:/nxp/mcuxpressoide_10.2.1_795/ide/tools/bin/../lib/gcc/arm-none-eabi/7.2.1/thumb/v6-m\libgcc.a(_divsi3.o)
                0x000006b4                __divsi3
                0x000006b4                __aeabi_idiv
                0x00000880                __aeabi_idivmod
 .text          0x00000888        0x4 c:/nxp/mcuxpressoide_10.2.1_795/ide/tools/bin/../lib/gcc/arm-none-eabi/7.2.1/thumb/v6-m\libgcc.a(_dvmd_tls.o)
                0x00000888                __aeabi_idiv0
                0x00000888                __aeabi_ldiv0
 .text          0x0000088c       0x74 c:/nxp/mcuxpressoide_10.2.1_795/ide/tools/bin/../lib/gcc/arm-none-eabi/7.2.1/thumb/v6-m\libgcc.a(_arm_cmpsf2.o)
                0x0000088c                __aeabi_cfrcmple
                0x00000894                __aeabi_cfcmpeq
                0x00000894                __aeabi_cfcmple
                0x000008a4                __aeabi_fcmpeq
                0x000008b0                __aeabi_fcmplt
                0x000008c4                __aeabi_fcmple
                0x000008d8                __aeabi_fcmpgt
                0x000008ec                __aeabi_fcmpge
 .text          0x00000900       0x40 c:/nxp/mcuxpressoide_10.2.1_795/ide/tools/bin/../lib/gcc/arm-none-eabi/7.2.1/thumb/v6-m\libgcc.a(_aeabi_uldivmod.o)
                0x00000900                __aeabi_uldivmod
 .text          0x00000940       0x54 c:/nxp/mcuxpressoide_10.2.1_795/ide/tools/bin/../lib/gcc/arm-none-eabi/7.2.1/thumb/v6-m\libgcc.a(_muldi3.o)
                0x00000940                __muldi3
                0x00000940                __aeabi_lmul
 .text          0x00000994       0x30 c:/nxp/mcuxpressoide_10.2.1_795/ide/tools/bin/../lib/gcc/arm-none-eabi/7.2.1/thumb/v6-m\libgcc.a(_fixunssfsi.o)
                0x00000994                __fixunssfsi
                0x00000994                __aeabi_f2uiz
 .text          0x000009c4      0x184 c:/nxp/mcuxpressoide_10.2.1_795/ide/tools/bin/../lib/gcc/arm-none-eabi/7.2.1/thumb/v6-m\libgcc.a(_udivmoddi4.o)
                0x000009c4                __udivmoddi4
 .text          0x00000b48      0x334 c:/nxp/mcuxpressoide_10.2.1_795/ide/tools/bin/../lib/gcc/arm-none-eabi/7.2.1/thumb/v6-m\libgcc.a(addsf3.o)
                0x00000b48                __aeabi_fadd
 .text          0x00000e7c      0x224 c:/nxp/mcuxpressoide_10.2.1_795/ide/tools/bin/../lib/gcc/arm-none-eabi/7.2.1/thumb/v6-m\libgcc.a(divsf3.o)
                0x00000e7c                __aeabi_fdiv
 .text          0x000010a0       0x50 c:/nxp/mcuxpressoide_10.2.1_795/ide/tools/bin/../lib/gcc/arm-none-eabi/7.2.1/thumb/v6-m\libgcc.a(eqsf2.o)
                0x000010a0                __eqsf2
                0x000010a0                __nesf2
 .text          0x000010f0       0x9c c:/nxp/mcuxpressoide_10.2.1_795/ide/tools/bin/../lib/gcc/arm-none-eabi/7.2.1/thumb/v6-m\libgcc.a(gesf2.o)
                0x000010f0                __gesf2
                0x000010f0                __gtsf2
 .text          0x0000118c       0xa0 c:/nxp/mcuxpressoide_10.2.1_795/ide/tools/bin/../lib/gcc/arm-none-eabi/7.2.1/thumb/v6-m\libgcc.a(lesf2.o)
                0x0000118c                __ltsf2
                0x0000118c                __lesf2
 .text          0x0000122c      0x264 c:/nxp/mcuxpressoide_10.2.1_795/ide/tools/bin/../lib/gcc/arm-none-eabi/7.2.1/thumb/v6-m\libgcc.a(mulsf3.o)
                0x0000122c                __aeabi_fmul
 .text          0x00001490      0x388 c:/nxp/mcuxpressoide_10.2.1_795/ide/tools/bin/../lib/gcc/arm-none-eabi/7.2.1/thumb/v6-m\libgcc.a(subsf3.o)
                0x00001490                __aeabi_fsub
 .text          0x00001818       0x40 c:/nxp/mcuxpressoide_10.2.1_795/ide/tools/bin/../lib/gcc/arm-none-eabi/7.2.1/thumb/v6-m\libgcc.a(fixsfsi.o)
                0x00001818                __aeabi_f2iz
 .text          0x00001858       0x94 c:/nxp/mcuxpressoide_10.2.1_795/ide/tools/bin/../lib/gcc/arm-none-eabi/7.2.1/thumb/v6-m\libgcc.a(floatsisf.o)
                0x00001858                __aeabi_i2f
 .text          0x000018ec       0x80 c:/nxp/mcuxpressoide_10.2.1_795/ide/tools/bin/../lib/gcc/arm-none-eabi/7.2.1/thumb/v6-m\libgcc.a(floatunsisf.o)
                0x000018ec                __aeabi_ui2f
 .text          0x0000196c       0x3c c:/nxp/mcuxpressoide_10.2.1_795/ide/tools/bin/../lib/gcc/arm-none-eabi/7.2.1/thumb/v6-m\libgcc.a(_clzsi2.o)
                0x0000196c                __clzsi2
 .text          0x000019a8       0x18 c:/nxp/mcuxpressoide_10.2.1_795/ide/tools/bin/../lib/gcc/arm-none-eabi/7.2.1/thumb/v6-m\libgcc.a(_clzdi2.o)
                0x000019a8                __clzdi2
 .text          0x000019c0       0x38 C:\Users\Callum\Documents\MCUXpressoIDE_10.2.1_795\workspace\HostOfProjectwireless_examples_smac_wireless_messenger_freertos\libs\lib_crypto_m0.a(SW_RNG.o)
                0x000019c0                SecLib_set_rng_seed
                0x000019d0                SecLib_get_random
 *(.text*)
 .text.HardFault_Handler
                0x000019f8       0x30 ./source/semihost_hardfault.o
                0x000019f8                HardFault_Handler
 .text.InitProject
                0x00001a28       0x94 ./source/wireless_messenger.o
                0x00001a28                InitProject
 .text.smacToAppMlmeSap
                0x00001abc       0x5c ./source/wireless_messenger.o
                0x00001abc                smacToAppMlmeSap
 .text.smacToAppMcpsSap
                0x00001b18       0x7c ./source/wireless_messenger.o
                0x00001b18                smacToAppMcpsSap
 .text.HandleEvents
                0x00001b94       0xac ./source/wireless_messenger.o
 .text.Send_Data
                0x00001c40      0x138 ./source/wireless_messenger.o
                0x00001c40                Send_Data
 .text.main_task
                0x00001d78      0x66c ./source/wireless_messenger.o
                0x00001d78                main_task
 .text.InitApp  0x000023e4       0xc4 ./source/wireless_messenger.o
                0x000023e4                InitApp
 .text.ConsoleWM
                0x000024a8      0x304 ./source/wireless_messenger.o
 .text.UartRxCallBack
                0x000027ac       0x20 ./source/wireless_messenger.o
                0x000027ac                UartRxCallBack
 .text.ShortCutsParser
                0x000027cc      0x1a0 ./source/wireless_messenger.o
 .text.MCPSDataRequest
                0x0000296c      0x328 ./ieee_802.15.4/smac/source/SMAC.o
                0x0000296c                MCPSDataRequest
 .text.MLMESetActivePan
                0x00002c94       0x58 ./ieee_802.15.4/smac/source/SMAC.o
                0x00002c94                MLMESetActivePan
 .text.MLMEConfigureTxContext
                0x00002cec       0x8c ./ieee_802.15.4/smac/source/SMAC.o
                0x00002cec                MLMEConfigureTxContext
 .text.MLMERXEnableRequest
                0x00002d78      0x140 ./ieee_802.15.4/smac/source/SMAC.o
                0x00002d78                MLMERXEnableRequest
 .text.MLMESetChannelRequest
                0x00002eb8       0x9c ./ieee_802.15.4/smac/source/SMAC.o
                0x00002eb8                MLMESetChannelRequest
 .text.MLMEGetChannelRequest
                0x00002f54       0x4c ./ieee_802.15.4/smac/source/SMAC.o
                0x00002f54                MLMEGetChannelRequest
 .text.MLMERXDisableRequest
                0x00002fa0      0x118 ./ieee_802.15.4/smac/source/SMAC.o
                0x00002fa0                MLMERXDisableRequest
 .text.MLMEPAOutputAdjust
                0x000030b8       0x9c ./ieee_802.15.4/smac/source/SMAC.o
                0x000030b8                MLMEPAOutputAdjust
 .text.PD_SMAC_SapHandler
                0x00003154      0x2ec ./ieee_802.15.4/smac/source/SMAC.o
                0x00003154                PD_SMAC_SapHandler
 .text.PLME_SMAC_SapHandler
                0x00003440      0x410 ./ieee_802.15.4/smac/source/SMAC.o
                0x00003440                PLME_SMAC_SapHandler
 .text.Smac_RegisterSapHandlers
                0x00003850       0x38 ./ieee_802.15.4/smac/source/SMAC.o
                0x00003850                Smac_RegisterSapHandlers
 .text.SMACFillHeader
                0x00003888       0xe4 ./ieee_802.15.4/smac/source/SMAC.o
                0x00003888                SMACFillHeader
 .text.InitSmac
                0x0000396c      0x184 ./ieee_802.15.4/smac/source/SMAC.o
                0x0000396c                InitSmac
 .text.SMACSetShortSrcAddress
                0x00003af0       0x9c ./ieee_802.15.4/smac/source/SMAC.o
                0x00003af0                SMACSetShortSrcAddress
 .text.SMACSetPanID
                0x00003b8c       0x9c ./ieee_802.15.4/smac/source/SMAC.o
                0x00003b8c                SMACSetPanID
 .text.BackoffTimeElapsed
                0x00003c28       0x7c ./ieee_802.15.4/smac/source/SMAC.o
 .text.SMACPacketCheck
                0x00003ca4       0x60 ./ieee_802.15.4/smac/source/SMAC.o
 .text.SMAC_SetIVKey
                0x00003d04       0x58 ./ieee_802.15.4/smac/source/SMAC.o
                0x00003d04                SMAC_SetIVKey
 .text.SMAC_Encrypt
                0x00003d5c       0x60 ./ieee_802.15.4/smac/source/SMAC.o
 .text.SMAC_Decrypt
                0x00003dbc       0x60 ./ieee_802.15.4/smac/source/SMAC.o
 .text.NVIC_EnableIRQ
                0x00003e1c       0x2c ./ieee_802.15.4/phy/source/MKW41Z/PhyISR.o
 .text.NVIC_SetPendingIRQ
                0x00003e48       0x30 ./ieee_802.15.4/phy/source/MKW41Z/PhyISR.o
 .text.NVIC_ClearPendingIRQ
                0x00003e78       0x30 ./ieee_802.15.4/phy/source/MKW41Z/PhyISR.o
 .text.NVIC_SetPriority
                0x00003ea8       0xdc ./ieee_802.15.4/phy/source/MKW41Z/PhyISR.o
 .text.ProtectFromXcvrInterrupt
                0x00003f84       0x3c ./ieee_802.15.4/phy/source/MKW41Z/PhyISR.o
                0x00003f84                ProtectFromXcvrInterrupt
 .text.UnprotectFromXcvrInterrupt
                0x00003fc0       0x44 ./ieee_802.15.4/phy/source/MKW41Z/PhyISR.o
                0x00003fc0                UnprotectFromXcvrInterrupt
 .text.PhyIsrPassRxParams
                0x00004004       0x1c ./ieee_802.15.4/phy/source/MKW41Z/PhyISR.o
                0x00004004                PhyIsrPassRxParams
 .text.PhyIsrSeqCleanup
                0x00004020       0x5c ./ieee_802.15.4/phy/source/MKW41Z/PhyISR.o
 .text.PhyIsrTimeoutCleanup
                0x0000407c       0x60 ./ieee_802.15.4/phy/source/MKW41Z/PhyISR.o
 .text.Phy_GetEnergyLevel
                0x000040dc       0x58 ./ieee_802.15.4/phy/source/MKW41Z/PhyISR.o
                0x000040dc                Phy_GetEnergyLevel
 .text.PhyGetLastRxRssiValue
                0x00004134       0x44 ./ieee_802.15.4/phy/source/MKW41Z/PhyISR.o
                0x00004134                PhyGetLastRxRssiValue
 .text.PHY_InterruptHandler
                0x00004178      0x368 ./ieee_802.15.4/phy/source/MKW41Z/PhyISR.o
                0x00004178                PHY_InterruptHandler
 .text.PHY_InstallIsr
                0x000044e0       0x30 ./ieee_802.15.4/phy/source/MKW41Z/PhyISR.o
                0x000044e0                PHY_InstallIsr
 .text.PHY_ForceIrqPending
                0x00004510       0x10 ./ieee_802.15.4/phy/source/MKW41Z/PhyISR.o
                0x00004510                PHY_ForceIrqPending
 .text.Phy_GetRxParams
                0x00004520       0x74 ./ieee_802.15.4/phy/source/MKW41Z/PhyISR.o
 .text.Phy_LqiConvert
                0x00004594       0x46 ./ieee_802.15.4/phy/source/MKW41Z/PhyISR.o
 *fill*         0x000045da        0x2 
 .text.PhyHwInit
                0x000045dc      0x138 ./ieee_802.15.4/phy/source/MKW41Z/PhyPacketProcessor.o
                0x000045dc                PhyHwInit
 .text.PhyAbort
                0x00004714       0xb4 ./ieee_802.15.4/phy/source/MKW41Z/PhyPacketProcessor.o
                0x00004714                PhyAbort
 .text.PhyPpGetState
                0x000047c8       0x1c ./ieee_802.15.4/phy/source/MKW41Z/PhyPacketProcessor.o
                0x000047c8                PhyPpGetState
 .text.PhyPpSetPanId
                0x000047e4       0x70 ./ieee_802.15.4/phy/source/MKW41Z/PhyPacketProcessor.o
                0x000047e4                PhyPpSetPanId
 .text.PhyPpSetShortAddr
                0x00004854       0x70 ./ieee_802.15.4/phy/source/MKW41Z/PhyPacketProcessor.o
                0x00004854                PhyPpSetShortAddr
 .text.PhyPpSetLongAddr
                0x000048c4       0x60 ./ieee_802.15.4/phy/source/MKW41Z/PhyPacketProcessor.o
                0x000048c4                PhyPpSetLongAddr
 .text.PhyPpSetMacRole
                0x00004924       0x90 ./ieee_802.15.4/phy/source/MKW41Z/PhyPacketProcessor.o
                0x00004924                PhyPpSetMacRole
 .text.PhyPpSetPromiscuous
                0x000049b4       0x5c ./ieee_802.15.4/phy/source/MKW41Z/PhyPacketProcessor.o
                0x000049b4                PhyPpSetPromiscuous
 .text.PhyPp_IndirectQueueInsert
                0x00004a10       0x70 ./ieee_802.15.4/phy/source/MKW41Z/PhyPacketProcessor.o
                0x00004a10                PhyPp_IndirectQueueInsert
 .text.PhyPp_RemoveFromIndirect
                0x00004a80       0x60 ./ieee_802.15.4/phy/source/MKW41Z/PhyPacketProcessor.o
                0x00004a80                PhyPp_RemoveFromIndirect
 .text.PhyPpIsTxAckDataPending
                0x00004ae0       0x4c ./ieee_802.15.4/phy/source/MKW41Z/PhyPacketProcessor.o
                0x00004ae0                PhyPpIsTxAckDataPending
 .text.PhyPlmeSetPwrState
                0x00004b2c      0x128 ./ieee_802.15.4/phy/source/MKW41Z/PhyPacketProcessor.o
                0x00004b2c                PhyPlmeSetPwrState
 .text.PhyPdDataRequest
                0x00004c54      0x194 ./ieee_802.15.4/phy/source/MKW41Z/PhyPlmeData.o
                0x00004c54                PhyPdDataRequest
 .text.PhyPlmeRxRequest
                0x00004de8      0x16c ./ieee_802.15.4/phy/source/MKW41Z/PhyPlmeData.o
                0x00004de8                PhyPlmeRxRequest
 .text.PhyPlmeCcaEdRequest
                0x00004f54      0x11c ./ieee_802.15.4/phy/source/MKW41Z/PhyPlmeData.o
                0x00004f54                PhyPlmeCcaEdRequest
 .text.PhyPlmeSetCurrentChannelRequest
                0x00005070       0x8c ./ieee_802.15.4/phy/source/MKW41Z/PhyPlmeData.o
                0x00005070                PhyPlmeSetCurrentChannelRequest
 .text.PhyPlmeGetCurrentChannelRequest
                0x000050fc       0x3c ./ieee_802.15.4/phy/source/MKW41Z/PhyPlmeData.o
                0x000050fc                PhyPlmeGetCurrentChannelRequest
 .text.PhyPlmeSetPwrLevelRequest
                0x00005138       0x7c ./ieee_802.15.4/phy/source/MKW41Z/PhyPlmeData.o
                0x00005138                PhyPlmeSetPwrLevelRequest
 .text.PhyPlmeGetPwrLevelRequest
                0x000051b4       0x34 ./ieee_802.15.4/phy/source/MKW41Z/PhyPlmeData.o
                0x000051b4                PhyPlmeGetPwrLevelRequest
 .text.PhyPlmeSetPIBRequest
                0x000051e8      0x1c0 ./ieee_802.15.4/phy/source/MKW41Z/PhyPlmeData.o
                0x000051e8                PhyPlmeSetPIBRequest
 .text.PhyPlmeGetPIBRequest
                0x000053a8      0x3dc ./ieee_802.15.4/phy/source/MKW41Z/PhyPlmeData.o
                0x000053a8                PhyPlmeGetPIBRequest
 .text.PhyRxRetry
                0x00005784       0x74 ./ieee_802.15.4/phy/source/MKW41Z/PhyPlmeData.o
 .text.Phy_Init
                0x000057f8       0x40 ./ieee_802.15.4/phy/source/MKW41Z/PhyStateMachine.o
                0x000057f8                Phy_Init
 .text.Phy_RegisterSapHandlers
                0x00005838       0x24 ./ieee_802.15.4/phy/source/MKW41Z/PhyStateMachine.o
                0x00005838                Phy_RegisterSapHandlers
 .text.Phy24Task
                0x0000585c      0x264 ./ieee_802.15.4/phy/source/MKW41Z/PhyStateMachine.o
 .text.MAC_PD_SapHandler
                0x00005ac0       0xb0 ./ieee_802.15.4/phy/source/MKW41Z/PhyStateMachine.o
                0x00005ac0                MAC_PD_SapHandler
 .text.MAC_PLME_SapHandler
                0x00005b70      0x19c ./ieee_802.15.4/phy/source/MKW41Z/PhyStateMachine.o
                0x00005b70                MAC_PLME_SapHandler
 .text.Phy_HandlePdDataReq
                0x00005d0c      0x194 ./ieee_802.15.4/phy/source/MKW41Z/PhyStateMachine.o
 .text.Phy_SetSequenceTiming
                0x00005ea0       0xa2 ./ieee_802.15.4/phy/source/MKW41Z/PhyStateMachine.o
                0x00005ea0                Phy_SetSequenceTiming
 *fill*         0x00005f42        0x2 
 .text.Phy_EnterIdle
                0x00005f44       0x8c ./ieee_802.15.4/phy/source/MKW41Z/PhyStateMachine.o
 .text.PhyPlmeSetFrameWaitTime
                0x00005fd0       0x1c ./ieee_802.15.4/phy/source/MKW41Z/PhyStateMachine.o
                0x00005fd0                PhyPlmeSetFrameWaitTime
 .text.PhyPlmeSetRxOnWhenIdle
                0x00005fec       0x88 ./ieee_802.15.4/phy/source/MKW41Z/PhyStateMachine.o
                0x00005fec                PhyPlmeSetRxOnWhenIdle
 .text.PhyIsIdleRx
                0x00006074       0x50 ./ieee_802.15.4/phy/source/MKW41Z/PhyStateMachine.o
                0x00006074                PhyIsIdleRx
 .text.Radio_Phy_PdDataConfirm
                0x000060c4       0x5c ./ieee_802.15.4/phy/source/MKW41Z/PhyStateMachine.o
                0x000060c4                Radio_Phy_PdDataConfirm
 .text.Radio_Phy_PdDataIndication
                0x00006120       0x24 ./ieee_802.15.4/phy/source/MKW41Z/PhyStateMachine.o
                0x00006120                Radio_Phy_PdDataIndication
 .text.Radio_Phy_TimeWaitTimeoutIndication
                0x00006144       0x14 ./ieee_802.15.4/phy/source/MKW41Z/PhyStateMachine.o
                0x00006144                Radio_Phy_TimeWaitTimeoutIndication
 .text.Radio_Phy_PlmeCcaConfirm
                0x00006158       0x34 ./ieee_802.15.4/phy/source/MKW41Z/PhyStateMachine.o
                0x00006158                Radio_Phy_PlmeCcaConfirm
 .text.Radio_Phy_PlmeEdConfirm
                0x0000618c       0x34 ./ieee_802.15.4/phy/source/MKW41Z/PhyStateMachine.o
                0x0000618c                Radio_Phy_PlmeEdConfirm
 .text.Radio_Phy_TimeRxTimeoutIndication
                0x000061c0       0x30 ./ieee_802.15.4/phy/source/MKW41Z/PhyStateMachine.o
                0x000061c0                Radio_Phy_TimeRxTimeoutIndication
 .text.Radio_Phy_TimeStartEventIndication
                0x000061f0       0x10 ./ieee_802.15.4/phy/source/MKW41Z/PhyStateMachine.o
                0x000061f0                Radio_Phy_TimeStartEventIndication
 .text.Radio_Phy_PlmeRxWatermark
                0x00006200       0xbc ./ieee_802.15.4/phy/source/MKW41Z/PhyStateMachine.o
                0x00006200                Radio_Phy_PlmeRxWatermark
 .text.Radio_Phy_PlmeSyncLossIndication
                0x000062bc       0x1c ./ieee_802.15.4/phy/source/MKW41Z/PhyStateMachine.o
                0x000062bc                Radio_Phy_PlmeSyncLossIndication
 .text.Radio_Phy_PlmeFilterFailRx
                0x000062d8       0x54 ./ieee_802.15.4/phy/source/MKW41Z/PhyStateMachine.o
                0x000062d8                Radio_Phy_PlmeFilterFailRx
 .text.PLME_SendMessage
                0x0000632c       0xd8 ./ieee_802.15.4/phy/source/MKW41Z/PhyStateMachine.o
 .text.PD_SendMessage
                0x00006404      0x260 ./ieee_802.15.4/phy/source/MKW41Z/PhyStateMachine.o
 .text.Phy_SendLatePLME
                0x00006664       0x24 ./ieee_802.15.4/phy/source/MKW41Z/PhyStateMachine.o
 .text.Phy_SendLatePD
                0x00006688       0x24 ./ieee_802.15.4/phy/source/MKW41Z/PhyStateMachine.o
 .text.Radio_Phy_Notify
                0x000066ac       0x18 ./ieee_802.15.4/phy/source/MKW41Z/PhyStateMachine.o
                0x000066ac                Radio_Phy_Notify
 .text.PhyTimeSetEventTrigger
                0x000066c4       0x68 ./ieee_802.15.4/phy/source/MKW41Z/PhyTime.o
                0x000066c4                PhyTimeSetEventTrigger
 .text.PhyTimeDisableEventTrigger
                0x0000672c       0x5c ./ieee_802.15.4/phy/source/MKW41Z/PhyTime.o
                0x0000672c                PhyTimeDisableEventTrigger
 .text.PhyTimeSetEventTimeout
                0x00006788       0x74 ./ieee_802.15.4/phy/source/MKW41Z/PhyTime.o
                0x00006788                PhyTimeSetEventTimeout
 .text.PhyTimeGetEventTimeout
                0x000067fc       0x20 ./ieee_802.15.4/phy/source/MKW41Z/PhyTime.o
                0x000067fc                PhyTimeGetEventTimeout
 .text.PhyTimeDisableEventTimeout
                0x0000681c       0x60 ./ieee_802.15.4/phy/source/MKW41Z/PhyTime.o
                0x0000681c                PhyTimeDisableEventTimeout
 .text.PhyTimeReadClock
                0x0000687c       0x28 ./ieee_802.15.4/phy/source/MKW41Z/PhyTime.o
                0x0000687c                PhyTimeReadClock
 .text.PhyTimeSetWaitTimeout
                0x000068a4       0x68 ./ieee_802.15.4/phy/source/MKW41Z/PhyTime.o
                0x000068a4                PhyTimeSetWaitTimeout
 .text.PhyTimeDisableWaitTimeout
                0x0000690c       0x50 ./ieee_802.15.4/phy/source/MKW41Z/PhyTime.o
                0x0000690c                PhyTimeDisableWaitTimeout
 .text.PhyTime_ISR
                0x0000695c       0x54 ./ieee_802.15.4/phy/source/MKW41Z/PhyTime.o
                0x0000695c                PhyTime_ISR
 .text.PhyTime_TimerInit
                0x000069b0       0x90 ./ieee_802.15.4/phy/source/MKW41Z/PhyTime.o
                0x000069b0                PhyTime_TimerInit
 .text.PhyTime_GetTimestamp
                0x00006a40       0x80 ./ieee_802.15.4/phy/source/MKW41Z/PhyTime.o
                0x00006a40                PhyTime_GetTimestamp
 .text.PhyTime_ScheduleEvent
                0x00006ac0       0xec ./ieee_802.15.4/phy/source/MKW41Z/PhyTime.o
                0x00006ac0                PhyTime_ScheduleEvent
 .text.PhyTime_RunCallback
                0x00006bac       0x64 ./ieee_802.15.4/phy/source/MKW41Z/PhyTime.o
                0x00006bac                PhyTime_RunCallback
 .text.PhyTime_Maintenance
                0x00006c10       0x74 ./ieee_802.15.4/phy/source/MKW41Z/PhyTime.o
                0x00006c10                PhyTime_Maintenance
 .text.PhyTime_OverflowCB
                0x00006c84       0x50 ./ieee_802.15.4/phy/source/MKW41Z/PhyTime.o
 .text.PhyTime_GetNextEvent
                0x00006cd4       0x74 ./ieee_802.15.4/phy/source/MKW41Z/PhyTime.o
 .text.xEventGroupCreate
                0x00006d48       0x30 ./freertos/event_groups.o
                0x00006d48                xEventGroupCreate
 .text.xEventGroupWaitBits
                0x00006d78      0x148 ./freertos/event_groups.o
                0x00006d78                xEventGroupWaitBits
 .text.xEventGroupSetBits
                0x00006ec0       0xf2 ./freertos/event_groups.o
                0x00006ec0                xEventGroupSetBits
 .text.vEventGroupSetBitsCallback
                0x00006fb2       0x1e ./freertos/event_groups.o
                0x00006fb2                vEventGroupSetBitsCallback
 .text.prvTestWaitCondition
                0x00006fd0       0x3e ./freertos/event_groups.o
 *fill*         0x0000700e        0x2 
 .text.xEventGroupSetBitsFromISR
                0x00007010       0x2c ./freertos/event_groups.o
                0x00007010                xEventGroupSetBitsFromISR
 .text.prvSetupTimerInterrupt
                0x0000703c       0x40 ./freertos/fsl_tickless_lptmr.o
                0x0000703c                prvSetupTimerInterrupt
 .text.pvPortMalloc
                0x0000707c      0x14c ./freertos/heap_4.o
                0x0000707c                pvPortMalloc
 .text.vPortFree
                0x000071c8       0x90 ./freertos/heap_4.o
                0x000071c8                vPortFree
 .text.prvHeapInit
                0x00007258       0xc0 ./freertos/heap_4.o
 .text.prvInsertBlockIntoFreeList
                0x00007318       0xb0 ./freertos/heap_4.o
 .text.vListInitialise
                0x000073c8       0x3c ./freertos/list.o
                0x000073c8                vListInitialise
 .text.vListInitialiseItem
                0x00007404       0x16 ./freertos/list.o
                0x00007404                vListInitialiseItem
 .text.vListInsertEnd
                0x0000741a       0x44 ./freertos/list.o
                0x0000741a                vListInsertEnd
 .text.vListInsert
                0x0000745e       0x6c ./freertos/list.o
                0x0000745e                vListInsert
 .text.uxListRemove
                0x000074ca       0x50 ./freertos/list.o
                0x000074ca                uxListRemove
 *fill*         0x0000751a        0x2 
 .text.pxPortInitialiseStack
                0x0000751c       0x54 ./freertos/port.o
                0x0000751c                pxPortInitialiseStack
 .text.prvTaskExitError
                0x00007570       0x18 ./freertos/port.o
 .text.SVC_Handler
                0x00007588        0xa ./freertos/port.o
                0x00007588                SVC_Handler
 *fill*         0x00007592        0xe 
 .text.vPortStartFirstTask
                0x000075a0       0x38 ./freertos/port.o
 .text.xPortStartScheduler
                0x000075d8       0x44 ./freertos/port.o
                0x000075d8                xPortStartScheduler
 .text.vPortYield
                0x0000761c       0x20 ./freertos/port.o
                0x0000761c                vPortYield
 .text.vPortEnterCritical
                0x0000763c       0x24 ./freertos/port.o
                0x0000763c                vPortEnterCritical
 .text.vPortExitCritical
                0x00007660       0x30 ./freertos/port.o
                0x00007660                vPortExitCritical
 .text.ulSetInterruptMaskFromISR
                0x00007690        0xc ./freertos/port.o
                0x00007690                ulSetInterruptMaskFromISR
 .text.vClearInterruptMaskFromISR
                0x0000769c        0x8 ./freertos/port.o
                0x0000769c                vClearInterruptMaskFromISR
 *fill*         0x000076a4        0xc 
 .text.PendSV_Handler
                0x000076b0       0x48 ./freertos/port.o
                0x000076b0                PendSV_Handler
 .text.SysTick_Handler
                0x000076f8       0x34 ./freertos/port.o
                0x000076f8                SysTick_Handler
 .text.xQueueGenericReset
                0x0000772c       0xa8 ./freertos/queue.o
                0x0000772c                xQueueGenericReset
 .text.xQueueGenericCreate
                0x000077d4       0x64 ./freertos/queue.o
                0x000077d4                xQueueGenericCreate
 .text.prvInitialiseNewQueue
                0x00007838       0x4e ./freertos/queue.o
 .text.prvInitialiseMutex
                0x00007886       0x34 ./freertos/queue.o
 .text.xQueueCreateMutex
                0x000078ba       0x38 ./freertos/queue.o
                0x000078ba                xQueueCreateMutex
 .text.xQueueGetMutexHolder
                0x000078f2       0x2e ./freertos/queue.o
                0x000078f2                xQueueGetMutexHolder
 .text.xQueueCreateCountingSemaphore
                0x00007920       0x46 ./freertos/queue.o
                0x00007920                xQueueCreateCountingSemaphore
 .text.xQueueGenericSend
                0x00007966      0x188 ./freertos/queue.o
                0x00007966                xQueueGenericSend
 .text.xQueueGenericSendFromISR
                0x00007aee       0xe2 ./freertos/queue.o
                0x00007aee                xQueueGenericSendFromISR
 .text.xQueueGiveFromISR
                0x00007bd0       0xca ./freertos/queue.o
                0x00007bd0                xQueueGiveFromISR
 .text.xQueueGenericReceive
                0x00007c9a      0x1c8 ./freertos/queue.o
                0x00007c9a                xQueueGenericReceive
 .text.prvCopyDataToQueue
                0x00007e62       0xd6 ./freertos/queue.o
 .text.prvCopyDataFromQueue
                0x00007f38       0x4c ./freertos/queue.o
 .text.prvUnlockQueue
                0x00007f84       0xbc ./freertos/queue.o
 .text.prvIsQueueEmpty
                0x00008040       0x2c ./freertos/queue.o
 .text.prvIsQueueFull
                0x0000806c       0x30 ./freertos/queue.o
 .text.vQueueAddToRegistry
                0x0000809c       0x50 ./freertos/queue.o
                0x0000809c                vQueueAddToRegistry
 .text.vQueueWaitForMessageRestricted
                0x000080ec       0x66 ./freertos/queue.o
                0x000080ec                vQueueWaitForMessageRestricted
 .text.xTaskCreate
                0x00008152       0x90 ./freertos/tasks.o
                0x00008152                xTaskCreate
 *fill*         0x000081e2        0x2 
 .text.prvInitialiseNewTask
                0x000081e4      0x12c ./freertos/tasks.o
 .text.prvAddNewTaskToReadyList
                0x00008310       0xd0 ./freertos/tasks.o
 .text.vTaskStartScheduler
                0x000083e0       0x78 ./freertos/tasks.o
                0x000083e0                vTaskStartScheduler
 .text.vTaskSuspendAll
                0x00008458       0x18 ./freertos/tasks.o
                0x00008458                vTaskSuspendAll
 .text.xTaskResumeAll
                0x00008470      0x118 ./freertos/tasks.o
                0x00008470                xTaskResumeAll
 .text.xTaskGetTickCount
                0x00008588       0x1c ./freertos/tasks.o
                0x00008588                xTaskGetTickCount
 .text.xTaskIncrementTick
                0x000085a4      0x14c ./freertos/tasks.o
                0x000085a4                xTaskIncrementTick
 .text.vTaskSwitchContext
                0x000086f0       0xa4 ./freertos/tasks.o
                0x000086f0                vTaskSwitchContext
 .text.vTaskPlaceOnEventList
                0x00008794       0x3c ./freertos/tasks.o
                0x00008794                vTaskPlaceOnEventList
 .text.vTaskPlaceOnUnorderedEventList
                0x000087d0       0x5c ./freertos/tasks.o
                0x000087d0                vTaskPlaceOnUnorderedEventList
 .text.vTaskPlaceOnEventListRestricted
                0x0000882c       0x4c ./freertos/tasks.o
                0x0000882c                vTaskPlaceOnEventListRestricted
 .text.xTaskRemoveFromEventList
                0x00008878       0xb8 ./freertos/tasks.o
                0x00008878                xTaskRemoveFromEventList
 .text.xTaskRemoveFromUnorderedEventList
                0x00008930       0xb0 ./freertos/tasks.o
                0x00008930                xTaskRemoveFromUnorderedEventList
 .text.vTaskSetTimeOutState
                0x000089e0       0x34 ./freertos/tasks.o
                0x000089e0                vTaskSetTimeOutState
 .text.xTaskCheckForTimeOut
                0x00008a14       0x9c ./freertos/tasks.o
                0x00008a14                xTaskCheckForTimeOut
 .text.vTaskMissedYield
                0x00008ab0       0x14 ./freertos/tasks.o
                0x00008ab0                vTaskMissedYield
 .text.prvIdleTask
                0x00008ac4       0x20 ./freertos/tasks.o
 .text.prvInitialiseTaskLists
                0x00008ae4       0x88 ./freertos/tasks.o
 .text.prvCheckTasksWaitingTermination
                0x00008b6c       0x74 ./freertos/tasks.o
 .text.prvDeleteTCB
                0x00008be0       0x22 ./freertos/tasks.o
 *fill*         0x00008c02        0x2 
 .text.prvResetNextTaskUnblockTime
                0x00008c04       0x48 ./freertos/tasks.o
 .text.xTaskGetCurrentTaskHandle
                0x00008c4c       0x1c ./freertos/tasks.o
                0x00008c4c                xTaskGetCurrentTaskHandle
 .text.xTaskGetSchedulerState
                0x00008c68       0x38 ./freertos/tasks.o
                0x00008c68                xTaskGetSchedulerState
 .text.vTaskPriorityInherit
                0x00008ca0       0xbc ./freertos/tasks.o
                0x00008ca0                vTaskPriorityInherit
 .text.xTaskPriorityDisinherit
                0x00008d5c       0xb8 ./freertos/tasks.o
                0x00008d5c                xTaskPriorityDisinherit
 .text.uxTaskResetEventItemValue
                0x00008e14       0x2c ./freertos/tasks.o
                0x00008e14                uxTaskResetEventItemValue
 .text.pvTaskIncrementMutexHeldCount
                0x00008e40       0x24 ./freertos/tasks.o
                0x00008e40                pvTaskIncrementMutexHeldCount
 .text.prvAddCurrentTaskToDelayedList
                0x00008e64       0xa8 ./freertos/tasks.o
 .text.xTimerCreateTimerTask
                0x00008f0c       0x54 ./freertos/timers.o
                0x00008f0c                xTimerCreateTimerTask
 .text.xTimerGenericCommand
                0x00008f60       0x98 ./freertos/timers.o
                0x00008f60                xTimerGenericCommand
 .text.prvProcessExpiredTimer
                0x00008ff8       0x70 ./freertos/timers.o
 .text.prvTimerTask
                0x00009068       0x28 ./freertos/timers.o
 .text.prvProcessTimerOrBlockTask
                0x00009090       0x8c ./freertos/timers.o
 .text.prvGetNextExpireTime
                0x0000911c       0x40 ./freertos/timers.o
 .text.prvSampleTimeNow
                0x0000915c       0x40 ./freertos/timers.o
 .text.prvInsertTimerInActiveList
                0x0000919c       0x84 ./freertos/timers.o
 .text.prvProcessReceivedCommands
                0x00009220      0x12c ./freertos/timers.o
 .text.prvSwitchTimerLists
                0x0000934c       0xb4 ./freertos/timers.o
 .text.prvCheckForValidListAndQueue
                0x00009400       0x74 ./freertos/timers.o
 .text.xTimerPendFunctionCallFromISR
                0x00009474       0x4c ./freertos/timers.o
                0x00009474                xTimerPendFunctionCallFromISR
 .text.XCVR_Init
                0x000094c0      0x12c ./framework/XCVR/MKW41Z4/fsl_xcvr.o
                0x000094c0                XCVR_Init
 .text.XCVR_GetDefaultConfig
                0x000095ec      0x170 ./framework/XCVR/MKW41Z4/fsl_xcvr.o
                0x000095ec                XCVR_GetDefaultConfig
 .text.XCVR_Configure
                0x0000975c      0x98c ./framework/XCVR/MKW41Z4/fsl_xcvr.o
                0x0000975c                XCVR_Configure
 .text.XcvrPanic
                0x0000a0e8       0x40 ./framework/XCVR/MKW41Z4/fsl_xcvr.o
                0x0000a0e8                XcvrPanic
 .text.XCVR_SetXtalTrim
                0x0000a128       0x68 ./framework/XCVR/MKW41Z4/fsl_xcvr.o
                0x0000a128                XCVR_SetXtalTrim
 .text.XCVR_OverrideChannel
                0x0000a190      0x13c ./framework/XCVR/MKW41Z4/fsl_xcvr.o
                0x0000a190                XCVR_OverrideChannel
 .text.XCVR_ForceRxWu
                0x0000a2cc       0x1c ./framework/XCVR/MKW41Z4/fsl_xcvr.o
                0x0000a2cc                XCVR_ForceRxWu
 .text.XCVR_ForceRxWd
                0x0000a2e8       0x1c ./framework/XCVR/MKW41Z4/fsl_xcvr.o
                0x0000a2e8                XCVR_ForceRxWd
 .text.calc_dcoc_dac_step
                0x0000a304       0x88 ./framework/XCVR/MKW41Z4/fsl_xcvr_trim.o
                0x0000a304                calc_dcoc_dac_step
 .text.XcvrCalDelay
                0x0000a38c       0x1e ./framework/XCVR/MKW41Z4/fsl_xcvr_trim.o
                0x0000a38c                XcvrCalDelay
 *fill*         0x0000a3aa        0x2 
 .text.rx_dc_est_average
                0x0000a3ac      0x1a0 ./framework/XCVR/MKW41Z4/fsl_xcvr_trim.o
                0x0000a3ac                rx_dc_est_average
 .text.rx_bba_dcoc_dac_trim_DCest
                0x0000a54c      0x7bc ./framework/XCVR/MKW41Z4/fsl_xcvr_trim.o
                0x0000a54c                rx_bba_dcoc_dac_trim_DCest
 .text.DCOC_DAC_INIT_Cal
                0x0000ad08      0x608 ./framework/XCVR/MKW41Z4/fsl_xcvr_trim.o
                0x0000ad08                DCOC_DAC_INIT_Cal
 .text.read_first_ifr_word
                0x0000b310       0x20 ./framework/XCVR/MKW41Z4/ifr_radio.o
                0x0000b310                read_first_ifr_word
 .text.read_another_ifr_word
                0x0000b330       0x2c ./framework/XCVR/MKW41Z4/ifr_radio.o
                0x0000b330                read_another_ifr_word
 .text.read_resource_ifr
                0x0000b35c       0xd4 ./framework/XCVR/MKW41Z4/ifr_radio.o
                0x0000b35c                read_resource_ifr
 .text.store_sw_trim
                0x0000b430       0x98 ./framework/XCVR/MKW41Z4/ifr_radio.o
                0x0000b430                store_sw_trim
 .text.handle_ifr
                0x0000b4c8      0x184 ./framework/XCVR/MKW41Z4/ifr_radio.o
                0x0000b4c8                handle_ifr
 .text.NVIC_EnableIRQ
                0x0000b64c       0x2c ./framework/TimersManager/Source/TMR_Adapter.o
 .text.NVIC_ClearPendingIRQ
                0x0000b678       0x30 ./framework/TimersManager/Source/TMR_Adapter.o
 .text.NVIC_SetPriority
                0x0000b6a8       0xdc ./framework/TimersManager/Source/TMR_Adapter.o
 .text.TPM_GetStatusFlags
                0x0000b784       0x14 ./framework/TimersManager/Source/TMR_Adapter.o
 .text.TPM_ClearStatusFlags
                0x0000b798       0x18 ./framework/TimersManager/Source/TMR_Adapter.o
 .text.TPM_StartTimer
                0x0000b7b0       0x3a ./framework/TimersManager/Source/TMR_Adapter.o
 .text.TPM_StopTimer
                0x0000b7ea       0x2a ./framework/TimersManager/Source/TMR_Adapter.o
 .text.StackTimer_Init
                0x0000b814       0x98 ./framework/TimersManager/Source/TMR_Adapter.o
                0x0000b814                StackTimer_Init
 .text.StackTimer_Enable
                0x0000b8ac       0x1c ./framework/TimersManager/Source/TMR_Adapter.o
                0x0000b8ac                StackTimer_Enable
 .text.StackTimer_Disable
                0x0000b8c8       0x18 ./framework/TimersManager/Source/TMR_Adapter.o
                0x0000b8c8                StackTimer_Disable
 .text.StackTimer_GetInputFrequency
                0x0000b8e0       0x24 ./framework/TimersManager/Source/TMR_Adapter.o
                0x0000b8e0                StackTimer_GetInputFrequency
 .text.StackTimer_GetCounterValue
                0x0000b904       0x14 ./framework/TimersManager/Source/TMR_Adapter.o
                0x0000b904                StackTimer_GetCounterValue
 .text.StackTimer_SetOffsetTicks
                0x0000b918       0x24 ./framework/TimersManager/Source/TMR_Adapter.o
                0x0000b918                StackTimer_SetOffsetTicks
 .text.StackTimer_ClearIntFlag
                0x0000b93c       0x30 ./framework/TimersManager/Source/TMR_Adapter.o
                0x0000b93c                StackTimer_ClearIntFlag
 .text.TMR_GetTimerStatus
                0x0000b96c       0x28 ./framework/TimersManager/Source/TimersManager.o
 .text.TMR_SetTimerStatus
                0x0000b994       0x44 ./framework/TimersManager/Source/TimersManager.o
 .text.TMR_GetTimerType
                0x0000b9d8       0x28 ./framework/TimersManager/Source/TimersManager.o
 .text.TMR_SetTimerType
                0x0000ba00       0x44 ./framework/TimersManager/Source/TimersManager.o
 .text.TmrTicksFromMilliseconds
                0x0000ba44       0x4c ./framework/TimersManager/Source/TimersManager.o
                0x0000ba44                TmrTicksFromMilliseconds
 .text.TMR_Init
                0x0000ba90       0x80 ./framework/TimersManager/Source/TimersManager.o
                0x0000ba90                TMR_Init
 .text.TMR_NotifyClkChanged
                0x0000bb10       0x44 ./framework/TimersManager/Source/TimersManager.o
                0x0000bb10                TMR_NotifyClkChanged
 .text.TMR_AllocateTimer
                0x0000bb54       0x50 ./framework/TimersManager/Source/TimersManager.o
                0x0000bb54                TMR_AllocateTimer
 .text.StackTimer_ISR
                0x0000bba4       0x24 ./framework/TimersManager/Source/TimersManager.o
 .text.TMR_IsTimerActive
                0x0000bbc8       0x28 ./framework/TimersManager/Source/TimersManager.o
                0x0000bbc8                TMR_IsTimerActive
 .text.TMR_StartTimer
                0x0000bbf0       0xec ./framework/TimersManager/Source/TimersManager.o
                0x0000bbf0                TMR_StartTimer
 .text.TMR_StartLowPowerTimer
                0x0000bcdc       0x40 ./framework/TimersManager/Source/TimersManager.o
                0x0000bcdc                TMR_StartLowPowerTimer
 .text.TMR_StartIntervalTimer
                0x0000bd1c       0x32 ./framework/TimersManager/Source/TimersManager.o
                0x0000bd1c                TMR_StartIntervalTimer
 .text.TMR_StartSingleShotTimer
                0x0000bd4e       0x32 ./framework/TimersManager/Source/TimersManager.o
                0x0000bd4e                TMR_StartSingleShotTimer
 .text.TMR_StopTimer
                0x0000bd80       0xe8 ./framework/TimersManager/Source/TimersManager.o
                0x0000bd80                TMR_StopTimer
 .text.TMR_Task
                0x0000be68      0x530 ./framework/TimersManager/Source/TimersManager.o
                0x0000be68                TMR_Task
 .text.TMR_EnableTimer
                0x0000c398       0x84 ./framework/TimersManager/Source/TimersManager.o
                0x0000c398                TMR_EnableTimer
 .text.NVIC_EnableIRQ
                0x0000c41c       0x2c ./framework/SerialManager/Source/UART_Adapter/UART_Adapter.o
 .text.NVIC_SetPriority
                0x0000c448       0xdc ./framework/SerialManager/Source/UART_Adapter/UART_Adapter.o
 .text.LPUART_WriteByte
                0x0000c524       0x1e ./framework/SerialManager/Source/UART_Adapter/UART_Adapter.o
 .text.LPUART_ReadByte
                0x0000c542       0x16 ./framework/SerialManager/Source/UART_Adapter/UART_Adapter.o
 .text.LPUART_Initialize
                0x0000c558       0xe8 ./framework/SerialManager/Source/UART_Adapter/UART_Adapter.o
                0x0000c558                LPUART_Initialize
 .text.LPUART_SetBaudrate
                0x0000c640       0x44 ./framework/SerialManager/Source/UART_Adapter/UART_Adapter.o
                0x0000c640                LPUART_SetBaudrate
 .text.LPUART_SendData
                0x0000c684       0xc0 ./framework/SerialManager/Source/UART_Adapter/UART_Adapter.o
                0x0000c684                LPUART_SendData
 .text.LPUART_InstallRxCalback
                0x0000c744       0x44 ./framework/SerialManager/Source/UART_Adapter/UART_Adapter.o
                0x0000c744                LPUART_InstallRxCalback
 .text.LPUART_InstallTxCalback
                0x0000c788       0x44 ./framework/SerialManager/Source/UART_Adapter/UART_Adapter.o
                0x0000c788                LPUART_InstallTxCalback
 .text.LPUART_IsTxActive
                0x0000c7cc       0x58 ./framework/SerialManager/Source/UART_Adapter/UART_Adapter.o
                0x0000c7cc                LPUART_IsTxActive
 .text.LPUART_ISR
                0x0000c824      0x17c ./framework/SerialManager/Source/UART_Adapter/UART_Adapter.o
 .text.SerialManager_Init
                0x0000c9a0       0x80 ./framework/SerialManager/Source/SerialManager.o
                0x0000c9a0                SerialManager_Init
 .text.SerialManagerTask
                0x0000ca20      0x17c ./framework/SerialManager/Source/SerialManager.o
                0x0000ca20                SerialManagerTask
 .text.Serial_InitInterface
                0x0000cb9c      0x184 ./framework/SerialManager/Source/SerialManager.o
                0x0000cb9c                Serial_InitInterface
 .text.Serial_AsyncWrite
                0x0000cd20      0x198 ./framework/SerialManager/Source/SerialManager.o
                0x0000cd20                Serial_AsyncWrite
 .text.Serial_SyncWrite
                0x0000ceb8       0xd8 ./framework/SerialManager/Source/SerialManager.o
                0x0000ceb8                Serial_SyncWrite
 .text.Serial_Read
                0x0000cf90      0x120 ./framework/SerialManager/Source/SerialManager.o
                0x0000cf90                Serial_Read
 .text.Serial_RxBufferByteCount
                0x0000d0b0       0xf0 ./framework/SerialManager/Source/SerialManager.o
                0x0000d0b0                Serial_RxBufferByteCount
 .text.Serial_SetRxCallBack
                0x0000d1a0       0x6c ./framework/SerialManager/Source/SerialManager.o
                0x0000d1a0                Serial_SetRxCallBack
 .text.Serial_SetBaudRate
                0x0000d20c       0x88 ./framework/SerialManager/Source/SerialManager.o
                0x0000d20c                Serial_SetBaudRate
 .text.Serial_Print
                0x0000d294       0x7a ./framework/SerialManager/Source/SerialManager.o
                0x0000d294                Serial_Print
 *fill*         0x0000d30e        0x2 
 .text.Serial_WriteInternal
                0x0000d310      0x104 ./framework/SerialManager/Source/SerialManager.o
 .text.SerialManager_RxNotify
                0x0000d414       0xb0 ./framework/SerialManager/Source/SerialManager.o
                0x0000d414                SerialManager_RxNotify
 .text.SerialManager_TxNotify
                0x0000d4c4       0xd0 ./framework/SerialManager/Source/SerialManager.o
                0x0000d4c4                SerialManager_TxNotify
 .text.Serial_TxQueueMaintenance
                0x0000d594      0x128 ./framework/SerialManager/Source/SerialManager.o
 .text.Serial_SyncTxCallback
                0x0000d6bc       0x1c ./framework/SerialManager/Source/SerialManager.o
 .text.Serial_UartRxCb
                0x0000d6d8       0x54 ./framework/SerialManager/Source/SerialManager.o
 .text.Serial_UartTxCb
                0x0000d72c       0x1a ./framework/SerialManager/Source/SerialManager.o
 *fill*         0x0000d746        0x2 
 .text.SecLib_Init
                0x0000d748       0x3c ./framework/SecLib/SecLib.o
                0x0000d748                SecLib_Init
 .text.AES_128_CBC_Encrypt_And_Pad
                0x0000d784       0x98 ./framework/SecLib/SecLib.o
                0x0000d784                AES_128_CBC_Encrypt_And_Pad
 .text.AES_128_CBC_Decrypt_And_Depad
                0x0000d81c       0x78 ./framework/SecLib/SecLib.o
                0x0000d81c                AES_128_CBC_Decrypt_And_Depad
 .text.NVIC_EnableIRQ
                0x0000d894       0x2c ./framework/RNG/Source/RNG.o
 .text.EnableIRQ
                0x0000d8c0       0x2c ./framework/RNG/Source/RNG.o
 .text.RNG_Init
                0x0000d8ec       0xe0 ./framework/RNG/Source/RNG.o
                0x0000d8ec                RNG_Init
 .text.RNG_GetRandomNo
                0x0000d9cc       0x2c ./framework/RNG/Source/RNG.o
                0x0000d9cc                RNG_GetRandomNo
 .text.TRNG_ISR
                0x0000d9f8       0x3c ./framework/RNG/Source/RNG.o
 .text.panic    0x0000da34       0x16 ./framework/Panic/Source/Panic.o
                0x0000da34                panic
 .text.__assertion_failed
                0x0000da4a       0x10 ./framework/Panic/Source/Panic.o
                0x0000da4a                __assertion_failed
 .text.startup_task
                0x0000da5a       0x12 ./framework/OSAbstraction/Source/fsl_os_abstraction_free_rtos.o
                0x0000da5a                startup_task
 .text.OSA_TaskGetId
                0x0000da6c       0x10 ./framework/OSAbstraction/Source/fsl_os_abstraction_free_rtos.o
                0x0000da6c                OSA_TaskGetId
 .text.OSA_TaskCreate
                0x0000da7c       0x4c ./framework/OSAbstraction/Source/fsl_os_abstraction_free_rtos.o
                0x0000da7c                OSA_TaskCreate
 .text.OSA_SemaphoreCreate
                0x0000dac8       0x20 ./framework/OSAbstraction/Source/fsl_os_abstraction_free_rtos.o
                0x0000dac8                OSA_SemaphoreCreate
 .text.OSA_SemaphoreWait
                0x0000dae8       0x62 ./framework/OSAbstraction/Source/fsl_os_abstraction_free_rtos.o
                0x0000dae8                OSA_SemaphoreWait
 *fill*         0x0000db4a        0x2 
 .text.OSA_SemaphorePost
                0x0000db4c       0x9c ./framework/OSAbstraction/Source/fsl_os_abstraction_free_rtos.o
                0x0000db4c                OSA_SemaphorePost
 .text.OSA_MutexCreate
                0x0000dbe8       0x1a ./framework/OSAbstraction/Source/fsl_os_abstraction_free_rtos.o
                0x0000dbe8                OSA_MutexCreate
 .text.OSA_MutexLock
                0x0000dc02       0x7a ./framework/OSAbstraction/Source/fsl_os_abstraction_free_rtos.o
                0x0000dc02                OSA_MutexLock
 .text.OSA_MutexUnlock
                0x0000dc7c       0x4e ./framework/OSAbstraction/Source/fsl_os_abstraction_free_rtos.o
                0x0000dc7c                OSA_MutexUnlock
 *fill*         0x0000dcca        0x2 
 .text.OSA_EventCreate
                0x0000dccc       0x70 ./framework/OSAbstraction/Source/fsl_os_abstraction_free_rtos.o
                0x0000dccc                OSA_EventCreate
 .text.OSA_EventSet
                0x0000dd3c       0xa0 ./framework/OSAbstraction/Source/fsl_os_abstraction_free_rtos.o
                0x0000dd3c                OSA_EventSet
 .text.OSA_EventWait
                0x0000dddc       0xa4 ./framework/OSAbstraction/Source/fsl_os_abstraction_free_rtos.o
                0x0000dddc                OSA_EventWait
 .text.OSA_InterruptEnable
                0x0000de80       0x4c ./framework/OSAbstraction/Source/fsl_os_abstraction_free_rtos.o
                0x0000de80                OSA_InterruptEnable
 .text.OSA_InterruptDisable
                0x0000decc       0x4c ./framework/OSAbstraction/Source/fsl_os_abstraction_free_rtos.o
                0x0000decc                OSA_InterruptDisable
 .text.OSA_InstallIntHandler
                0x0000df18       0x20 ./framework/OSAbstraction/Source/fsl_os_abstraction_free_rtos.o
                0x0000df18                OSA_InstallIntHandler
 .text.main     0x0000df38       0x24 ./framework/OSAbstraction/Source/fsl_os_abstraction_free_rtos.o
                0x0000df38                main
 .text.osObjectAlloc
                0x0000df5c       0x4a ./framework/OSAbstraction/Source/fsl_os_abstraction_free_rtos.o
 .text.osObjectIsAllocated
                0x0000dfa6       0x52 ./framework/OSAbstraction/Source/fsl_os_abstraction_free_rtos.o
 .text.osObjectFree
                0x0000dff8       0x48 ./framework/OSAbstraction/Source/fsl_os_abstraction_free_rtos.o
 .text.ListAddTailMsg
                0x0000e040       0x26 ./framework/Messaging/Source/Messaging.o
                0x0000e040                ListAddTailMsg
 .text.ListAddHeadMsg
                0x0000e066       0x26 ./framework/Messaging/Source/Messaging.o
                0x0000e066                ListAddHeadMsg
 .text.ListRemoveHeadMsg
                0x0000e08c       0x2a ./framework/Messaging/Source/Messaging.o
                0x0000e08c                ListRemoveHeadMsg
 *fill*         0x0000e0b6        0x2 
 .text.MEM_Init
                0x0000e0b8       0xc4 ./framework/MemManager/Source/MemManager.o
                0x0000e0b8                MEM_Init
 .text.MEM_BufferAllocWithId
                0x0000e17c       0xb8 ./framework/MemManager/Source/MemManager.o
                0x0000e17c                MEM_BufferAllocWithId
 .text.MEM_BufferFree
                0x0000e234       0xb0 ./framework/MemManager/Source/MemManager.o
                0x0000e234                MEM_BufferFree
 .text.ListInit
                0x0000e2e4       0x2c ./framework/Lists/GenericList.o
                0x0000e2e4                ListInit
 .text.ListAddTail
                0x0000e310       0x76 ./framework/Lists/GenericList.o
                0x0000e310                ListAddTail
 .text.ListAddHead
                0x0000e386       0x76 ./framework/Lists/GenericList.o
                0x0000e386                ListAddHead
 .text.ListRemoveHead
                0x0000e3fc       0x68 ./framework/Lists/GenericList.o
                0x0000e3fc                ListRemoveHead
 .text.LED_Init
                0x0000e464       0x2c ./framework/LED/Source/LED.o
                0x0000e464                LED_Init
 .text.LED_Operate
                0x0000e490       0x8c ./framework/LED/Source/LED.o
                0x0000e490                LED_Operate
 .text.LED_TurnOnLed
                0x0000e51c       0x20 ./framework/LED/Source/LED.o
                0x0000e51c                LED_TurnOnLed
 .text.LED_TurnOffLed
                0x0000e53c       0x20 ./framework/LED/Source/LED.o
                0x0000e53c                LED_TurnOffLed
 .text.LED_ToggleLed
                0x0000e55c       0x20 ./framework/LED/Source/LED.o
                0x0000e55c                LED_ToggleLed
 .text.LED_TurnOffAllLeds
                0x0000e57c       0x10 ./framework/LED/Source/LED.o
                0x0000e57c                LED_TurnOffAllLeds
 .text.LED_StopFlashingAllLeds
                0x0000e58c       0x12 ./framework/LED/Source/LED.o
                0x0000e58c                LED_StopFlashingAllLeds
 *fill*         0x0000e59e        0x2 
 .text.LED_StartBlip
                0x0000e5a0       0x64 ./framework/LED/Source/LED.o
                0x0000e5a0                LED_StartBlip
 .text.LED_StopFlash
                0x0000e604       0x4c ./framework/LED/Source/LED.o
                0x0000e604                LED_StopFlash
 .text.LED_SetLed
                0x0000e650       0xb8 ./framework/LED/Source/LED.o
                0x0000e650                LED_SetLed
 .text.LED_StartFlashWithPeriod
                0x0000e708       0x58 ./framework/LED/Source/LED.o
                0x0000e708                LED_StartFlashWithPeriod
 .text.LED_StartSerialFlashWithPeriod
                0x0000e760       0x74 ./framework/LED/Source/LED.o
                0x0000e760                LED_StartSerialFlashWithPeriod
 .text.LED_StopSerialFlash
                0x0000e7d4       0x44 ./framework/LED/Source/LED.o
                0x0000e7d4                LED_StopSerialFlash
 .text.LED_GpioSet
                0x0000e818       0x46 ./framework/LED/Source/LED.o
 *fill*         0x0000e85e        0x2 
 .text.LED_DecrementBlip
                0x0000e860       0x8c ./framework/LED/Source/LED.o
 .text.LED_FlashTimeout
                0x0000e8ec       0x74 ./framework/LED/Source/LED.o
 .text.GPIO_SetPinsOutput
                0x0000e960       0x18 ./framework/GPIO/GPIO_Adapter.o
 .text.GPIO_ClearPinsOutput
                0x0000e978       0x18 ./framework/GPIO/GPIO_Adapter.o
 .text.GPIO_TogglePinsOutput
                0x0000e990       0x18 ./framework/GPIO/GPIO_Adapter.o
 .text.PORT_SetPinConfig
                0x0000e9a8       0x38 ./framework/GPIO/GPIO_Adapter.o
 .text.PORT_SetPinMux
                0x0000e9e0       0x40 ./framework/GPIO/GPIO_Adapter.o
 .text.GpioSetPinMux
                0x0000ea20       0x44 ./framework/GPIO/GPIO_Adapter.o
                0x0000ea20                GpioSetPinMux
 .text.GpioSetPinOutput
                0x0000ea64       0x34 ./framework/GPIO/GPIO_Adapter.o
                0x0000ea64                GpioSetPinOutput
 .text.GpioClearPinOutput
                0x0000ea98       0x34 ./framework/GPIO/GPIO_Adapter.o
                0x0000ea98                GpioClearPinOutput
 .text.GpioTogglePinOutput
                0x0000eacc       0x34 ./framework/GPIO/GPIO_Adapter.o
                0x0000eacc                GpioTogglePinOutput
 .text.GpioOutputPinInit
                0x0000eb00      0x100 ./framework/GPIO/GPIO_Adapter.o
                0x0000eb00                GpioOutputPinInit
 .text.FLib_MemCpy
                0x0000ec00       0x36 ./framework/FunctionLib/FunctionLib.o
                0x0000ec00                FLib_MemCpy
 .text.FLib_MemCmp
                0x0000ec36       0x52 ./framework/FunctionLib/FunctionLib.o
                0x0000ec36                FLib_MemCmp
 .text.FLib_MemSet
                0x0000ec88       0x36 ./framework/FunctionLib/FunctionLib.o
                0x0000ec88                FLib_MemSet
 .text.NV_VerifyCrcOverHWParameters
                0x0000ecbe       0x50 ./framework/Flash/Internal/Flash_Adapter.o
 *fill*         0x0000ed0e        0x2 
 .text.NV_ComputeCrcOverHWParameters
                0x0000ed10       0xd0 ./framework/Flash/Internal/Flash_Adapter.o
 .text.NV_ReadHWParameters
                0x0000ede0       0x68 ./framework/Flash/Internal/Flash_Adapter.o
                0x0000ede0                NV_ReadHWParameters
 .text.CLOCK_EnableClock
                0x0000ee48       0x34 ./framework/DCDC/Source/DCDC.o
 .text.ADC16_EnableHardwareTrigger
                0x0000ee7c       0x3a ./framework/DCDC/Source/DCDC.o
 *fill*         0x0000eeb6        0x2 
 .text.ADC16_GetChannelConversionValue
                0x0000eeb8       0x30 ./framework/DCDC/Source/DCDC.o
 .text.DCDC_MakeADCConversion
                0x0000eee8       0x44 ./framework/DCDC/Source/DCDC.o
 .text.DCDC_AdjustVbatDiv
                0x0000ef2c       0x6c ./framework/DCDC/Source/DCDC.o
 .text.DCDC_Get1P8VOutputTargetAndVBatInmV
                0x0000ef98       0xf4 ./framework/DCDC/Source/DCDC.o
 .text.DCDC_mVTo1P8OutputTargetBoost
                0x0000f08c      0x168 ./framework/DCDC/Source/DCDC.o
 .text.DCDC_mVTo1P8OutputTargetBuck
                0x0000f1f4       0xe4 ./framework/DCDC/Source/DCDC.o
 .text.DCDC_mVToMcuVOutputTargetBoost
                0x0000f2d8       0x8c ./framework/DCDC/Source/DCDC.o
                0x0000f2d8                DCDC_mVToMcuVOutputTargetBoost
 .text.DCDC_GetOutputTargetsBoost
                0x0000f364       0xd0 ./framework/DCDC/Source/DCDC.o
 .text.DCDC_GetOutputTargetsBuck
                0x0000f434       0x8c ./framework/DCDC/Source/DCDC.o
 .text.DCDC_VBatMonitorBoost
                0x0000f4c0      0x1bc ./framework/DCDC/Source/DCDC.o
 .text.DCDC_VBatMonitorBuck
                0x0000f67c      0x1c0 ./framework/DCDC/Source/DCDC.o
 .text.DCDC_Init
                0x0000f83c      0x220 ./framework/DCDC/Source/DCDC.o
                0x0000f83c                DCDC_Init
 .text.CLOCK_EnableClock
                0x0000fa5c       0x34 ./drivers/fsl_adc16.o
 .text.ADC16_GetInstance
                0x0000fa90       0x48 ./drivers/fsl_adc16.o
 .text.ADC16_Init
                0x0000fad8      0x114 ./drivers/fsl_adc16.o
                0x0000fad8                ADC16_Init
 .text.ADC16_DoAutoCalibration
                0x0000fbec      0x11a ./drivers/fsl_adc16.o
                0x0000fbec                ADC16_DoAutoCalibration
 .text.ADC16_SetChannelMuxMode
                0x0000fd06       0x3a ./drivers/fsl_adc16.o
                0x0000fd06                ADC16_SetChannelMuxMode
 .text.ADC16_SetHardwareCompareConfig
                0x0000fd40       0x8c ./drivers/fsl_adc16.o
                0x0000fd40                ADC16_SetHardwareCompareConfig
 .text.ADC16_SetHardwareAverage
                0x0000fdcc       0x40 ./drivers/fsl_adc16.o
                0x0000fdcc                ADC16_SetHardwareAverage
 .text.ADC16_GetStatusFlags
                0x0000fe0c       0x3a ./drivers/fsl_adc16.o
                0x0000fe0c                ADC16_GetStatusFlags
 *fill*         0x0000fe46        0x2 
 .text.ADC16_SetChannelConfig
                0x0000fe48       0x6c ./drivers/fsl_adc16.o
                0x0000fe48                ADC16_SetChannelConfig
 .text.ADC16_GetChannelStatusFlags
                0x0000feb4       0x40 ./drivers/fsl_adc16.o
                0x0000feb4                ADC16_GetChannelStatusFlags
 .text.CLOCK_SetEr32kClock
                0x0000fef4       0x34 ./drivers/fsl_clock.o
 .text.CLOCK_GetMcgExtClkFreq
                0x0000ff28       0x70 ./drivers/fsl_clock.o
 .text.CLOCK_GetFllExtRefClkFreq
                0x0000ff98       0xbc ./drivers/fsl_clock.o
 .text.CLOCK_GetInternalRefClkSelectFreq
                0x00010054       0x40 ./drivers/fsl_clock.o
 .text.CLOCK_GetFllRefClkFreq
                0x00010094       0x2c ./drivers/fsl_clock.o
 .text.CLOCK_GetOscRangeFromFreq
                0x000100c0       0x4c ./drivers/fsl_clock.o
 .text.CLOCK_GetOsc0ErClkFreq
                0x0001010c       0x28 ./drivers/fsl_clock.o
                0x0001010c                CLOCK_GetOsc0ErClkFreq
 .text.CLOCK_SetSimConfig
                0x00010134       0x2c ./drivers/fsl_clock.o
                0x00010134                CLOCK_SetSimConfig
 .text.CLOCK_GetFllFreq
                0x00010160       0x78 ./drivers/fsl_clock.o
                0x00010160                CLOCK_GetFllFreq
 .text.CLOCK_GetInternalRefClkFreq
                0x000101d8       0x28 ./drivers/fsl_clock.o
                0x000101d8                CLOCK_GetInternalRefClkFreq
 .text.CLOCK_SetExternalRefClkConfig
                0x00010200       0x80 ./drivers/fsl_clock.o
                0x00010200                CLOCK_SetExternalRefClkConfig
 .text.CLOCK_SetInternalRefClkConfig
                0x00010280      0x128 ./drivers/fsl_clock.o
                0x00010280                CLOCK_SetInternalRefClkConfig
 .text.CLOCK_InitOsc0
                0x000103a8       0x68 ./drivers/fsl_clock.o
                0x000103a8                CLOCK_InitOsc0
 .text.CLOCK_SetFeeMode
                0x00010410      0x13c ./drivers/fsl_clock.o
                0x00010410                CLOCK_SetFeeMode
 .text.CLOCK_BootToFeeMode
                0x0001054c       0x4e ./drivers/fsl_clock.o
                0x0001054c                CLOCK_BootToFeeMode
 .text.DisableGlobalIRQ
                0x0001059a       0x1c ./drivers/fsl_common.o
 .text.EnableGlobalIRQ
                0x000105b6       0x1a ./drivers/fsl_common.o
 .text.InstallIRQHandler
                0x000105d0       0x98 ./drivers/fsl_common.o
                0x000105d0                InstallIRQHandler
 .text.DSPI_IsMaster
                0x00010668       0x18 ./drivers/fsl_dspi.o
 .text.DSPI_CommonIRQHandler
                0x00010680       0x40 ./drivers/fsl_dspi.o
 .text.SPI0_DriverIRQHandler
                0x000106c0       0x34 ./drivers/fsl_dspi.o
                0x000106c0                SPI0_DriverIRQHandler
 .text.SPI1_DriverIRQHandler
                0x000106f4       0x34 ./drivers/fsl_dspi.o
                0x000106f4                SPI1_DriverIRQHandler
 .text.GPIO_WritePinOutput
                0x00010728       0x34 ./drivers/fsl_gpio.o
 .text.GPIO_PinInit
                0x0001075c       0x64 ./drivers/fsl_gpio.o
                0x0001075c                GPIO_PinInit
 .text.I2C_TransferCommonIRQHandler
                0x000107c0       0x54 ./drivers/fsl_i2c.o
 .text.I2C0_DriverIRQHandler
                0x00010814       0x20 ./drivers/fsl_i2c.o
                0x00010814                I2C0_DriverIRQHandler
 .text.I2C1_DriverIRQHandler
                0x00010834       0x20 ./drivers/fsl_i2c.o
                0x00010834                I2C1_DriverIRQHandler
 .text.CLOCK_EnableClock
                0x00010854       0x34 ./drivers/fsl_lpuart.o
 .text.LPUART_GetInstance
                0x00010888       0x48 ./drivers/fsl_lpuart.o
                0x00010888                LPUART_GetInstance
 .text.LPUART_Init
                0x000108d0      0x284 ./drivers/fsl_lpuart.o
                0x000108d0                LPUART_Init
 .text.LPUART_GetDefaultConfig
                0x00010b54       0x50 ./drivers/fsl_lpuart.o
                0x00010b54                LPUART_GetDefaultConfig
 .text.LPUART_SetBaudRate
                0x00010ba4      0x18c ./drivers/fsl_lpuart.o
                0x00010ba4                LPUART_SetBaudRate
 .text.LPUART_EnableInterrupts
                0x00010d30       0x3a ./drivers/fsl_lpuart.o
                0x00010d30                LPUART_EnableInterrupts
 .text.LPUART_DisableInterrupts
                0x00010d6a       0x3e ./drivers/fsl_lpuart.o
                0x00010d6a                LPUART_DisableInterrupts
 .text.LPUART_GetEnabledInterrupts
                0x00010da8       0x30 ./drivers/fsl_lpuart.o
                0x00010da8                LPUART_GetEnabledInterrupts
 .text.LPUART_GetStatusFlags
                0x00010dd8       0x18 ./drivers/fsl_lpuart.o
                0x00010dd8                LPUART_GetStatusFlags
 .text.LPUART_ClearStatusFlags
                0x00010df0       0x88 ./drivers/fsl_lpuart.o
                0x00010df0                LPUART_ClearStatusFlags
 .text.LPUART0_DriverIRQHandler
                0x00010e78       0x24 ./drivers/fsl_lpuart.o
                0x00010e78                LPUART0_DriverIRQHandler
 .text.CLOCK_EnableClock
                0x00010e9c       0x34 ./drivers/fsl_ltc.o
 .text.ltc_check_key_size
                0x00010ed0       0x1a ./drivers/fsl_ltc.o
                0x00010ed0                ltc_check_key_size
 .text.ltc_wait
                0x00010eea       0x96 ./drivers/fsl_ltc.o
                0x00010eea                ltc_wait
 .text.ltc_clear_all
                0x00010f80       0x20 ./drivers/fsl_ltc.o
                0x00010f80                ltc_clear_all
 .text.ltc_memcpy
                0x00010fa0       0x2e ./drivers/fsl_ltc.o
                0x00010fa0                ltc_memcpy
 .text.ltc_get_word_from_unaligned
                0x00010fce       0x3a ./drivers/fsl_ltc.o
 .text.ltc_set_unaligned_from_word
                0x00011008       0x52 ./drivers/fsl_ltc.o
 .text.ltc_set_key
                0x0001105a       0x4e ./drivers/fsl_ltc.o
 .text.ltc_set_context
                0x000110a8       0xac ./drivers/fsl_ltc.o
                0x000110a8                ltc_set_context
 .text.ltc_symmetric_alg_state
                0x00011154       0x74 ./drivers/fsl_ltc.o
 .text.ltc_symmetric_update
                0x000111c8       0x3e ./drivers/fsl_ltc.o
                0x000111c8                ltc_symmetric_update
 .text.ltc_symmetric_process
                0x00011206       0xe6 ./drivers/fsl_ltc.o
                0x00011206                ltc_symmetric_process
 .text.ltc_symmetric_process_data
                0x000112ec       0x82 ./drivers/fsl_ltc.o
                0x000112ec                ltc_symmetric_process_data
 .text.ltc_process_message_in_sessions
                0x0001136e       0x90 ./drivers/fsl_ltc.o
 *fill*         0x000113fe        0x2 
 .text.LTC_Init
                0x00011400       0x1c ./drivers/fsl_ltc.o
                0x00011400                LTC_Init
 .text.LTC_AES_EncryptCbc
                0x0001141c       0x86 ./drivers/fsl_ltc.o
                0x0001141c                LTC_AES_EncryptCbc
 .text.LTC_AES_DecryptCbc
                0x000114a2       0x9e ./drivers/fsl_ltc.o
                0x000114a2                LTC_AES_DecryptCbc
 .text.CLOCK_EnableClock
                0x00011540       0x34 ./drivers/fsl_tpm.o
 .text.TPM_GetInstance
                0x00011574       0x54 ./drivers/fsl_tpm.o
 .text.TPM_Init
                0x000115c8       0xec ./drivers/fsl_tpm.o
                0x000115c8                TPM_Init
 .text.TPM_SetupOutputCompare
                0x000116b4      0x134 ./drivers/fsl_tpm.o
                0x000116b4                TPM_SetupOutputCompare
 .text.TPM_EnableInterrupts
                0x000117e8       0x80 ./drivers/fsl_tpm.o
                0x000117e8                TPM_EnableInterrupts
 .text.CLOCK_EnableClock
                0x00011868       0x34 ./drivers/fsl_trng.o
 .text.trng_GetInstance
                0x0001189c       0x48 ./drivers/fsl_trng.o
 .text.TRNG_GetDefaultConfig
                0x000118e4       0xe0 ./drivers/fsl_trng.o
                0x000118e4                TRNG_GetDefaultConfig
 .text.trng_SetRetryCount
                0x000119c4       0x50 ./drivers/fsl_trng.o
 .text.trng_SetStatisticalCheckLimit
                0x00011a14      0x320 ./drivers/fsl_trng.o
 .text.trng_ApplyUserConfig
                0x00011d34      0x1c4 ./drivers/fsl_trng.o
 .text.trng_ReadEntropy
                0x00011ef8       0x34 ./drivers/fsl_trng.o
 .text.TRNG_Init
                0x00011f2c       0xb8 ./drivers/fsl_trng.o
                0x00011f2c                TRNG_Init
 .text.TRNG_GetRandomData
                0x00011fe4       0xe6 ./drivers/fsl_trng.o
                0x00011fe4                TRNG_GetRandomData
 *fill*         0x000120ca        0x2 
 .text.CLOCK_EnableClock
                0x000120cc       0x34 ./board/board.o
 .text.hardware_init
                0x00012100      0x15c ./board/board.o
                0x00012100                hardware_init
 .text.NMI_Handler
                0x0001225c       0x20 ./board/board.o
                0x0001225c                NMI_Handler
 .text.BOARD_DCDCInit
                0x0001227c       0x18 ./board/board.o
                0x0001227c                BOARD_DCDCInit
 .text.BOARD_GetLpuartClock
                0x00012294       0x5c ./board/board.o
                0x00012294                BOARD_GetLpuartClock
 .text.BOARD_GetTpmClock
                0x000122f0       0x5c ./board/board.o
                0x000122f0                BOARD_GetTpmClock
 .text.CLOCK_EnableClock
                0x0001234c       0x34 ./board/clock_config.o
 .text.CLOCK_DisableClock
                0x00012380       0x38 ./board/clock_config.o
 .text.CLOCK_SetLpuartClock
                0x000123b8       0x38 ./board/clock_config.o
 .text.CLOCK_SetTpmClock
                0x000123f0       0x38 ./board/clock_config.o
 .text.CLOCK_SetSimSafeDivs
                0x00012428       0x1c ./board/clock_config.o
 .text.CLOCK_SetXtal0Freq
                0x00012444       0x1c ./board/clock_config.o
 .text.CLOCK_SetXtal32Freq
                0x00012460       0x1c ./board/clock_config.o
 .text.RTC_SetOscCapLoad
                0x0001247c       0x34 ./board/clock_config.o
 .text.CLOCK_CONFIG_FllStableDelay
                0x000124b0       0x24 ./board/clock_config.o
 .text.CLOCK_CONFIG_SetRtcClock
                0x000124d4       0x4c ./board/clock_config.o
 .text.CLOCK_CONFIG_EnableRtcOsc
                0x00012520       0x50 ./board/clock_config.o
 .text.BOARD_RfOscInit
                0x00012570       0xc8 ./board/clock_config.o
                0x00012570                BOARD_RfOscInit
 .text.BOARD_InitOsc0
                0x00012638       0x30 ./board/clock_config.o
                0x00012638                BOARD_InitOsc0
 .text.BOARD_BootClockRUN
                0x00012668       0x6c ./board/clock_config.o
                0x00012668                BOARD_BootClockRUN
 .text.CLOCK_EnableClock
                0x000126d4       0x34 ./board/pin_mux.o
 .text.PORT_SetPinMux
                0x00012708       0x40 ./board/pin_mux.o
 .text.BOARD_InitLEDs
                0x00012748       0x78 ./board/pin_mux.o
                0x00012748                BOARD_InitLEDs
 .text.BOARD_InitLPUART
                0x000127c0       0x4c ./board/pin_mux.o
                0x000127c0                BOARD_InitLPUART
 .text.SystemInit
                0x0001280c       0x18 ./CMSIS/system_MKW41Z4.o
                0x0001280c                SystemInit
 .text.roundf   0x00012824       0x44 c:/nxp/mcuxpressoide_10.2.1_795/ide/tools/bin/../lib/gcc/arm-none-eabi/7.2.1/../../../../arm-none-eabi/lib/thumb/v6-m\libm.a(lib_a-sf_round.o)
                0x00012824                roundf
 .text.exit     0x00012868       0x20 c:/nxp/mcuxpressoide_10.2.1_795/ide/tools/bin/../lib/gcc/arm-none-eabi/7.2.1/../../../../arm-none-eabi/lib/thumb/v6-m\libc.a(lib_a-exit.o)
                0x00012868                exit
 .text.__libc_init_array
                0x00012888       0x48 c:/nxp/mcuxpressoide_10.2.1_795/ide/tools/bin/../lib/gcc/arm-none-eabi/7.2.1/../../../../arm-none-eabi/lib/thumb/v6-m\libc.a(lib_a-init.o)
                0x00012888                __libc_init_array
 .text.memcpy   0x000128d0       0x88 c:/nxp/mcuxpressoide_10.2.1_795/ide/tools/bin/../lib/gcc/arm-none-eabi/7.2.1/../../../../arm-none-eabi/lib/thumb/v6-m\libc.a(lib_a-memcpy-stub.o)
                0x000128d0                memcpy
 .text.memset   0x00012958       0x9c c:/nxp/mcuxpressoide_10.2.1_795/ide/tools/bin/../lib/gcc/arm-none-eabi/7.2.1/../../../../arm-none-eabi/lib/thumb/v6-m\libc.a(lib_a-memset.o)
                0x00012958                memset
 .text.strlen   0x000129f4       0x64 c:/nxp/mcuxpressoide_10.2.1_795/ide/tools/bin/../lib/gcc/arm-none-eabi/7.2.1/../../../../arm-none-eabi/lib/thumb/v6-m\libc.a(lib_a-strlen-stub.o)
                0x000129f4                strlen
 .text.startup.register_fini
                0x00012a58       0x18 c:/nxp/mcuxpressoide_10.2.1_795/ide/tools/bin/../lib/gcc/arm-none-eabi/7.2.1/../../../../arm-none-eabi/lib/thumb/v6-m\libc.a(lib_a-__call_atexit.o)
 .text.__call_exitprocs
                0x00012a70      0x118 c:/nxp/mcuxpressoide_10.2.1_795/ide/tools/bin/../lib/gcc/arm-none-eabi/7.2.1/../../../../arm-none-eabi/lib/thumb/v6-m\libc.a(lib_a-__call_atexit.o)
                0x00012a70                __call_exitprocs
 .text.atexit   0x00012b88       0x10 c:/nxp/mcuxpressoide_10.2.1_795/ide/tools/bin/../lib/gcc/arm-none-eabi/7.2.1/../../../../arm-none-eabi/lib/thumb/v6-m\libc.a(lib_a-atexit.o)
                0x00012b88                atexit
 .text.__libc_fini_array
                0x00012b98       0x34 c:/nxp/mcuxpressoide_10.2.1_795/ide/tools/bin/../lib/gcc/arm-none-eabi/7.2.1/../../../../arm-none-eabi/lib/thumb/v6-m\libc.a(lib_a-fini.o)
                0x00012b98                __libc_fini_array
 .text.__retarget_lock_acquire_recursive
                0x00012bcc        0x4 c:/nxp/mcuxpressoide_10.2.1_795/ide/tools/bin/../lib/gcc/arm-none-eabi/7.2.1/../../../../arm-none-eabi/lib/thumb/v6-m\libc.a(lib_a-lock.o)
                0x00012bcc                __retarget_lock_acquire_recursive
 .text.__retarget_lock_release_recursive
                0x00012bd0        0x4 c:/nxp/mcuxpressoide_10.2.1_795/ide/tools/bin/../lib/gcc/arm-none-eabi/7.2.1/../../../../arm-none-eabi/lib/thumb/v6-m\libc.a(lib_a-lock.o)
                0x00012bd0                __retarget_lock_release_recursive
 .text.__register_exitproc
                0x00012bd4       0xf4 c:/nxp/mcuxpressoide_10.2.1_795/ide/tools/bin/../lib/gcc/arm-none-eabi/7.2.1/../../../../arm-none-eabi/lib/thumb/v6-m\libc.a(lib_a-__atexit.o)
                0x00012bd4                __register_exitproc
 .text._exit    0x00012cc8        0x4 c:/nxp/mcuxpressoide_10.2.1_795/ide/tools/bin/../lib/gcc/arm-none-eabi/7.2.1/../../../../arm-none-eabi/lib/thumb/v6-m\libnosys.a(_exit.o)
                0x00012cc8                _exit
 *(.rodata)
 .rodata        0x00012ccc      0x20d ./source/wireless_messenger.o
 *fill*         0x00012ed9        0x3 
 .rodata        0x00012edc        0xe ./ieee_802.15.4/smac/source/SMAC.o
 *fill*         0x00012eea        0x2 
 .rodata        0x00012eec       0x18 ./freertos/tasks.o
                0x00012ef4                FreeRTOSDebugConfig
 .rodata        0x00012f04        0xd ./freertos/timers.o
 *fill*         0x00012f11        0x3 
 .rodata        0x00012f14       0x18 ./framework/XCVR/MKW41Z4/fsl_xcvr.o
 .rodata        0x00012f2c        0xe ./framework/TimersManager/Source/TimersManager.o
 *fill*         0x00012f3a        0x2 
 .rodata        0x00012f3c       0x12 ./framework/SerialManager/Source/SerialManager.o
 *fill*         0x00012f4e        0x2 
 .rodata        0x00012f50        0xd ./framework/OSAbstraction/Source/fsl_os_abstraction_free_rtos.o
 *fill*         0x00012f5d        0x3 
 .rodata        0x00012f60       0x1e ./framework/ModuleInfo/ModuleInfo.o
 *fill*         0x00012f7e        0x2 
 .rodata        0x00012f80       0x23 ./framework/GPIO/GPIO_Adapter.o
 *fill*         0x00012fa3        0x1 
 .rodata        0x00012fa4       0x38 ./framework/DCDC/Source/DCDC.o
 .rodata        0x00012fdc      0x13a ./drivers/fsl_adc16.o
 *fill*         0x00013116        0x2 
 .rodata        0x00013118       0xd9 ./drivers/fsl_clock.o
 *fill*         0x000131f1        0x3 
 .rodata        0x000131f4      0x46d ./drivers/fsl_dspi.o
 *fill*         0x00013661        0x3 
 .rodata        0x00013664       0xc7 ./drivers/fsl_gpio.o
 *fill*         0x0001372b        0x1 
 .rodata        0x0001372c      0x4da ./drivers/fsl_lpuart.o
 *fill*         0x00013c06        0x2 
 .rodata        0x00013c08      0x473 ./drivers/fsl_tpm.o
 *fill*         0x0001407b        0x1 
 .rodata        0x0001407c       0x40 ./drivers/fsl_trng.o
 .rodata        0x000140bc       0x80 c:/nxp/mcuxpressoide_10.2.1_795/ide/tools/bin/../lib/gcc/arm-none-eabi/7.2.1/thumb/v6-m\libgcc.a(divsf3.o)
 .rodata        0x0001413c       0x40 c:/nxp/mcuxpressoide_10.2.1_795/ide/tools/bin/../lib/gcc/arm-none-eabi/7.2.1/thumb/v6-m\libgcc.a(mulsf3.o)
 *(.rodata*)
 .rodata.main_task
                0x0001417c       0x14 ./source/wireless_messenger.o
 .rodata.ConsoleWM
                0x00014190       0x18 ./source/wireless_messenger.o
 .rodata.ShortCutsParser
                0x000141a8       0x68 ./source/wireless_messenger.o
 .rodata.PHY_InterruptHandler
                0x00014210       0x18 ./ieee_802.15.4/phy/source/MKW41Z/PhyISR.o
 .rodata.PhyPlmeSetPIBRequest
                0x00014228       0x44 ./ieee_802.15.4/phy/source/MKW41Z/PhyPlmeData.o
 .rodata.PhyPlmeGetPIBRequest
                0x0001426c       0x44 ./ieee_802.15.4/phy/source/MKW41Z/PhyPlmeData.o
 .rodata.gPhyPoolId
                0x000142b0        0x1 ./ieee_802.15.4/phy/source/MKW41Z/PhyStateMachine.o
                0x000142b0                gPhyPoolId
 *fill*         0x000142b1        0x3 
 .rodata.MAC_PLME_SapHandler
                0x000142b4       0x24 ./ieee_802.15.4/phy/source/MKW41Z/PhyStateMachine.o
 .rodata.prvProcessReceivedCommands
                0x000142d8       0x28 ./freertos/timers.o
 .rodata.ant_mode_config
                0x00014300       0x48 ./framework/XCVR/MKW41Z4/cfgs_kw4x_3x_2x/fsl_xcvr_ant_config.o
                0x00014300                ant_mode_config
 .rodata.xcvr_ANT_1mbps_config
                0x00014348       0x70 ./framework/XCVR/MKW41Z4/cfgs_kw4x_3x_2x/fsl_xcvr_ant_config.o
                0x00014348                xcvr_ANT_1mbps_config
 .rodata.ble_mode_config
                0x000143b8       0x48 ./framework/XCVR/MKW41Z4/cfgs_kw4x_3x_2x/fsl_xcvr_ble_config.o
                0x000143b8                ble_mode_config
 .rodata.xcvr_BLE_1mbps_config
                0x00014400       0x70 ./framework/XCVR/MKW41Z4/cfgs_kw4x_3x_2x/fsl_xcvr_ble_config.o
                0x00014400                xcvr_BLE_1mbps_config
 .rodata.xcvr_common_config
                0x00014470      0x23c ./framework/XCVR/MKW41Z4/cfgs_kw4x_3x_2x/fsl_xcvr_common_config.o
                0x00014470                xcvr_common_config
 .rodata.gfsk_bt_0p3_h_0p5_mode_config
                0x000146ac       0x48 ./framework/XCVR/MKW41Z4/cfgs_kw4x_3x_2x/fsl_xcvr_gfsk_bt_0p3_h_0p5_config.o
                0x000146ac                gfsk_bt_0p3_h_0p5_mode_config
 .rodata.xcvr_GFSK_BT_0p3_h_0p5_1mbps_config
                0x000146f4       0x70 ./framework/XCVR/MKW41Z4/cfgs_kw4x_3x_2x/fsl_xcvr_gfsk_bt_0p3_h_0p5_config.o
                0x000146f4                xcvr_GFSK_BT_0p3_h_0p5_1mbps_config
 .rodata.xcvr_GFSK_BT_0p3_h_0p5_500kbps_config
                0x00014764       0x70 ./framework/XCVR/MKW41Z4/cfgs_kw4x_3x_2x/fsl_xcvr_gfsk_bt_0p3_h_0p5_config.o
                0x00014764                xcvr_GFSK_BT_0p3_h_0p5_500kbps_config
 .rodata.xcvr_GFSK_BT_0p3_h_0p5_250kbps_config
                0x000147d4       0x70 ./framework/XCVR/MKW41Z4/cfgs_kw4x_3x_2x/fsl_xcvr_gfsk_bt_0p3_h_0p5_config.o
                0x000147d4                xcvr_GFSK_BT_0p3_h_0p5_250kbps_config
 .rodata.gfsk_bt_0p5_h_0p32_mode_config
                0x00014844       0x48 ./framework/XCVR/MKW41Z4/cfgs_kw4x_3x_2x/fsl_xcvr_gfsk_bt_0p5_h_0p32_config.o
                0x00014844                gfsk_bt_0p5_h_0p32_mode_config
 .rodata.xcvr_GFSK_BT_0p5_h_0p32_1mbps_config
                0x0001488c       0x70 ./framework/XCVR/MKW41Z4/cfgs_kw4x_3x_2x/fsl_xcvr_gfsk_bt_0p5_h_0p32_config.o
                0x0001488c                xcvr_GFSK_BT_0p5_h_0p32_1mbps_config
 .rodata.xcvr_GFSK_BT_0p5_h_0p32_500kbps_config
                0x000148fc       0x70 ./framework/XCVR/MKW41Z4/cfgs_kw4x_3x_2x/fsl_xcvr_gfsk_bt_0p5_h_0p32_config.o
                0x000148fc                xcvr_GFSK_BT_0p5_h_0p32_500kbps_config
 .rodata.xcvr_GFSK_BT_0p5_h_0p32_250kbps_config
                0x0001496c       0x70 ./framework/XCVR/MKW41Z4/cfgs_kw4x_3x_2x/fsl_xcvr_gfsk_bt_0p5_h_0p32_config.o
                0x0001496c                xcvr_GFSK_BT_0p5_h_0p32_250kbps_config
 .rodata.gfsk_bt_0p5_h_0p5_mode_config
                0x000149dc       0x48 ./framework/XCVR/MKW41Z4/cfgs_kw4x_3x_2x/fsl_xcvr_gfsk_bt_0p5_h_0p5_config.o
                0x000149dc                gfsk_bt_0p5_h_0p5_mode_config
 .rodata.xcvr_GFSK_BT_0p5_h_0p5_1mbps_config
                0x00014a24       0x70 ./framework/XCVR/MKW41Z4/cfgs_kw4x_3x_2x/fsl_xcvr_gfsk_bt_0p5_h_0p5_config.o
                0x00014a24                xcvr_GFSK_BT_0p5_h_0p5_1mbps_config
 .rodata.xcvr_GFSK_BT_0p5_h_0p5_500kbps_config
                0x00014a94       0x70 ./framework/XCVR/MKW41Z4/cfgs_kw4x_3x_2x/fsl_xcvr_gfsk_bt_0p5_h_0p5_config.o
                0x00014a94                xcvr_GFSK_BT_0p5_h_0p5_500kbps_config
 .rodata.xcvr_GFSK_BT_0p5_h_0p5_250kbps_config